###############################################################################
#
# IAR ELF Linker V9.10.1.308/W64 for ARM                  21/Dec/2025  12:16:12
# Copyright 2007-2021 IAR Systems AB.
#
#    Output file  =
#        D:\University\7th Semester Senior 1\Introduction to Enbedded
#        Systems\Project\adeem\Control\Debug\Exe\Control.out
#    Map file     =
#        D:\University\7th Semester Senior 1\Introduction to Enbedded
#        Systems\Project\adeem\Control\Debug\List\Control.map
#    Command line =
#        -f "D:\University\7th Semester Senior 1\Introduction to Enbedded
#        Systems\Project\adeem\Control\Debug\Exe\Control.out.rsp"
#        ("D:\University\7th Semester Senior 1\Introduction to Enbedded
#        Systems\Project\adeem\Control\Debug\Obj\buzzer.o" "D:\University\7th
#        Semester Senior 1\Introduction to Enbedded
#        Systems\Project\adeem\Control\Debug\Obj\dio.o" "D:\University\7th
#        Semester Senior 1\Introduction to Enbedded
#        Systems\Project\adeem\Control\Debug\Obj\eeprom.o" "D:\University\7th
#        Semester Senior 1\Introduction to Enbedded
#        Systems\Project\adeem\Control\Debug\Obj\main.o" "D:\University\7th
#        Semester Senior 1\Introduction to Enbedded
#        Systems\Project\adeem\Control\Debug\Obj\Servo.o" "D:\University\7th
#        Semester Senior 1\Introduction to Enbedded
#        Systems\Project\adeem\Control\Debug\Obj\startup_ewarm.o"
#        "D:\University\7th Semester Senior 1\Introduction to Enbedded
#        Systems\Project\adeem\Control\Debug\Obj\systick.o" "D:\University\7th
#        Semester Senior 1\Introduction to Enbedded
#        Systems\Project\adeem\Control\Debug\Obj\uart.o" --no_out_extension -o
#        "D:\University\7th Semester Senior 1\Introduction to Enbedded
#        Systems\Project\adeem\Control\Debug\Exe\Control.out" --redirect
#        _Printf=_PrintfFullNoMb --redirect _Scanf=_ScanfFullNoMb --map
#        "D:\University\7th Semester Senior 1\Introduction to Enbedded
#        Systems\Project\adeem\Control\Debug\List\Control.map" --config
#        "C:\Program Files\IAR Systems\Embedded Workbench
#        9.0\arm\config\linker\TexasInstruments\TM4C123GH6.icf" --semihosting
#        D:\Programs\ti\driverlib\ewarm\Exe\driverlib.a --entry
#        __iar_program_start --vfe --text_out locale)
#
###############################################################################

*******************************************************************************
*** MESSAGES
***

Warning[Lt009]: Inconsistent wchar_t size
            eeprom.o(driverlib.a) and 4 other objects in driverlib.a have
                      wchar_t size 16 bits
            buzzer.o and 21 other objects, some of them in dl7M_tln.a and 11
                      other libraries have wchar_t size 32 bits


*******************************************************************************
*** RUNTIME MODEL ATTRIBUTES
***

CppFlavor       = *
__SystemLibrary = DLib
__dlib_version  = 6


*******************************************************************************
*** HEAP SELECTION
***

The basic heap was selected because no calls to memory allocation
functions were found in the application outside of system library
functions, and there are calls to deallocation functions in the
application.


*******************************************************************************
*** PLACEMENT SUMMARY
***

"A0":  place at address 0x0 { ro section .intvec };
"P1":  place in [from 0x0 to 0x3'ffff] { ro };
define block CSTACK with size = 4K, alignment = 8 { };
define block HEAP with size = 8K, alignment = 8 { };
"P2":  place in [from 0x2000'0000 to 0x2000'7fff] {
          rw, block CSTACK, block HEAP };
do not initialize { rw section .noinit };
initialize by copy { rw };

  Section            Kind         Address   Size  Object
  -------            ----         -------   ----  ------
"A0":                                      0x268
  .intvec            const            0x0  0x268  startup_ewarm.o [1]
                                  - 0x268  0x268

"P1":                                      0xfd0
  .text              ro code        0x268  0x4b8  main.o [1]
  .text              ro code        0x720   0x74  buzzer.o [1]
  .text              ro code        0x794   0x94  Servo.o [1]
  .text              ro code        0x828  0x108  uart.o [1]
  .text              ro code        0x930  0x122  eeprom.o [1]
  .text              ro code        0xa52   0x3a  packbits_init_single.o [5]
  .text              ro code        0xa8c   0x66  ABImemset.o [5]
  .text              ro code        0xaf4   0x6c  strncpy_unaligned.o [5]
  .text              ro code        0xb60   0x18  strcpy.o [5]
  .text              ro code        0xb78   0x28  strncmp.o [2]
  .text              ro code        0xba0   0x36  strlen.o [5]
  .text              ro code        0xbd8   0x12  strcmp.o [5]
  .text              ro code        0xbec   0x54  systick.o [1]
  .text              ro code        0xc40  0x234  sysctl.o [3]
  .text              ro code        0xe74  0x174  eeprom.o [3]
  .text              ro code        0xfe8   0x28  systick.o [3]
  .text              ro code       0x1010   0x68  dio.o [1]
  .text              ro code       0x1078   0x28  data_init.o [5]
  .text              ro code       0x10a0   0x22  fpinit_M.o [4]
  .iar.init_table    const         0x10c4   0x10  - Linker created -
  .text              ro code       0x10d4   0x1e  startup_ewarm.o [1]
  .text              ro code       0x10f4   0x1c  cstartup_M.o [5]
  .text              ro code       0x1110   0x1e  cmain.o [5]
  .text              ro code       0x112e    0x4  low_level_init.o [2]
  .text              ro code       0x1132    0x4  exit.o [2]
  .text              ro code       0x1138    0xa  cexit.o [5]
  .text              ro code       0x1144   0x14  exit.o [6]
  .rodata            const         0x1158   0x10  main.o [1]
  .rodata            const         0x1168   0x10  main.o [1]
  .rodata            const         0x1178   0x10  main.o [1]
  .rodata            const         0x1188   0x10  main.o [1]
  .rodata            const         0x1198   0x10  main.o [1]
  .rodata            const         0x11a8   0x10  main.o [1]
  .rodata            const         0x11b8   0x10  main.o [1]
  .rodata            const         0x11c8    0xc  main.o [1]
  .rodata            const         0x11d4    0xc  main.o [1]
  .rodata            const         0x11e0    0xc  main.o [1]
  .rodata            const         0x11ec    0xc  main.o [1]
  .rodata            const         0x11f8    0xc  main.o [1]
  .rodata            const         0x1204    0x8  main.o [1]
  .rodata            const         0x120c    0x8  main.o [1]
  .rodata            const         0x1214    0x8  main.o [1]
  .rodata            const         0x121c    0x8  main.o [1]
  .rodata            const         0x1224    0x8  main.o [1]
  .rodata            const         0x122c    0x8  main.o [1]
  .rodata            const         0x1234    0x0  packbits_init_single.o [5]
  Initializer bytes  const         0x1234    0x4  <for P2-1>
                                 - 0x1238  0xfd0

"P2", part 1 of 2:                          0x1c
  P2-1                        0x2000'0000   0x1c  <Init block>
    .data            inited   0x2000'0000    0x4  main.o [1]
    .bss             inited   0x2000'0004   0x14  main.o [1]
    .bss             inited   0x2000'0018    0x4  main.o [1]
                            - 0x2000'001c   0x1c

"P2", part 2 of 2:                         0x200
  .noinit            uninit   0x2000'001c  0x200  startup_ewarm.o [1]
                            - 0x2000'021c  0x200

Unused ranges:

         From           To      Size
         ----           --      ----
       0x1238     0x3'ffff  0x3'edc8
  0x2000'021c  0x2000'7fff    0x7de4


*******************************************************************************
*** INIT TABLE
***

          Address      Size
          -------      ----
Copy/packbits (__iar_packbits_init_single3)
    1 source range, total size 0x4 (14% of destination):
               0x1234   0x4
    1 destination range, total size 0x1c:
          0x2000'0000  0x1c



*******************************************************************************
*** MODULE SUMMARY
***

    Module                  ro code  ro data  rw data
    ------                  -------  -------  -------
command line/config:
    -------------------------------------------------
    Total:

D:\University\7th Semester Senior 1\Introduction to Enbedded Systems\Project\adeem\Control\Debug\Obj: [1]
    Servo.o                     148
    buzzer.o                    116
    dio.o                       104
    eeprom.o                    290
    main.o                    1'208      224       28
    startup_ewarm.o              30      616      512
    systick.o                    84
    uart.o                      264
    -------------------------------------------------
    Total:                    2'244      840      540

dl7M_tln.a: [2]
    exit.o                        4
    low_level_init.o              4
    strncmp.o                    40
    -------------------------------------------------
    Total:                       48

driverlib.a: [3]
    eeprom.o                    372
    sysctl.o                    564
    systick.o                    40
    -------------------------------------------------
    Total:                      976

m7M_tls.a: [4]
    fpinit_M.o                   34
    -------------------------------------------------
    Total:                       34

rt7M_tl.a: [5]
    ABImemset.o                 102
    cexit.o                      10
    cmain.o                      30
    cstartup_M.o                 28
    data_init.o                  40
    packbits_init_single.o       58
    strcmp.o                     18
    strcpy.o                     24
    strlen.o                     54
    strncpy_unaligned.o         108
    -------------------------------------------------
    Total:                      472

shb_l.a: [6]
    exit.o                       20
    -------------------------------------------------
    Total:                       20

    Gaps                         12        2
    Linker created                        16
-----------------------------------------------------
    Grand Total:              3'806      858      540


*******************************************************************************
*** ENTRY LIST
***

Entry                       Address   Size  Type      Object
-----                       -------   ----  ----      ------
.iar.init_table$$Base        0x10c4          --   Gb  - Linker created -
.iar.init_table$$Limit       0x10d4          --   Gb  - Linker created -
?main                        0x1111         Code  Gb  cmain.o [5]
Buzzer_Beep                   0x75b   0x24  Code  Gb  buzzer.o [1]
Buzzer_Init                   0x721   0x3a  Code  Gb  buzzer.o [1]
CalculateAddress              0x931    0xa  Code  Lc  eeprom.o [1]
DIO_TogglePin                0x1011   0x4e  Code  Gb  dio.o [1]
Delay_ms                      0x64f   0x2e  Code  Gb  main.o [1]
EEPROMInit                    0xecd   0x2a  Code  Gb  eeprom.o [3]
EEPROMProgram                 0xf2f   0x98  Code  Gb  eeprom.o [3]
EEPROMRead                    0xf05   0x2a  Code  Gb  eeprom.o [3]
EEPROM_Init                   0x93b   0x24  Code  Gb  eeprom.o [1]
EEPROM_ReadBuffer             0xa13   0x40  Code  Gb  eeprom.o [1]
EEPROM_ReadWord               0x999   0x30  Code  Gb  eeprom.o [1]
EEPROM_WriteBuffer            0x9c9   0x4a  Code  Gb  eeprom.o [1]
EEPROM_WriteWord              0x965   0x34  Code  Gb  eeprom.o [1]
FaultISR                     0x10ef    0x2  Code  Lc  startup_ewarm.o [1]
IntDefaultHandler            0x10f1    0x2  Code  Lc  startup_ewarm.o [1]
NmiSR                        0x10ed    0x2  Code  Lc  startup_ewarm.o [1]
Region$$Table$$Base          0x10c4          --   Gb  - Linker created -
Region$$Table$$Limit         0x10d4          --   Gb  - Linker created -
ResetISR                     0x10d5   0x14  Code  Gb  startup_ewarm.o [1]
Servo_Init                    0x795   0x2e  Code  Gb  Servo.o [1]
Servo_SetAngle                0x7c3   0x50  Code  Gb  Servo.o [1]
SysCtlClockGet                0xcc5  0x110  Code  Gb  sysctl.o [3]
SysCtlDelay                   0xcbd    0x8  Code  Gb  sysctl.o [3]
SysCtlPeripheralEnable        0xca1    0x8  Code  Gb  sysctl.o [3]
SysCtlPeripheralReady         0xc41    0x8  Code  Gb  sysctl.o [3]
SysCtlPeripheralReset         0xc61   0x40  Code  Gb  sysctl.o [3]
SysTickDisable                0xff5    0xc  Code  Gb  systick.o [3]
SysTickEnable                 0xfe9    0xc  Code  Gb  systick.o [3]
SysTickPeriodSet             0x1001    0x8  Code  Gb  systick.o [3]
System_Init                   0x5e3   0x6c  Code  Gb  main.o [1]
SystickHandler                0xc25   0x1c  Code  Gb  systick.o [1]
UART2_Available               0x8d9   0x10  Code  Gb  uart.o [1]
UART2_Init                    0x829   0x82  Code  Gb  uart.o [1]
UART2_ReadChar                0x8e9    0x8  Code  Gb  uart.o [1]
UART2_SendChar                0x8ab   0x12  Code  Gb  uart.o [1]
UART2_SendString              0x8bd   0x1c  Code  Gb  uart.o [1]
_EEPROMSectorMaskClear        0xe9f   0x22  Code  Lc  eeprom.o [3]
_EEPROMSectorMaskSet          0xe75   0x2a  Code  Lc  eeprom.o [3]
__aeabi_memset                0xa8d         Code  Gb  ABImemset.o [5]
__cmain                      0x1111         Code  Gb  cmain.o [5]
__exit                       0x1145   0x14  Code  Gb  exit.o [6]
__iar_Memset                  0xa8d         Code  Gb  ABImemset.o [5]
__iar_Memset_word             0xa95         Code  Gb  ABImemset.o [5]
__iar_data_init3             0x1079   0x28  Code  Gb  data_init.o [5]
__iar_init_vfp               0x10a1         Code  Gb  fpinit_M.o [4]
__iar_packbits_init_single3
                              0xa53   0x3a  Code  Gb  packbits_init_single.o [5]
__iar_program_start          0x10f5         Code  Gb  cstartup_M.o [5]
__iar_unaligned_strncpy
                              0xaf5         Code  Gb  strncpy_unaligned.o [5]
__low_level_init             0x112f    0x4  Code  Gb  low_level_init.o [2]
__vector_table                  0x0  0x268  Data  Gb  startup_ewarm.o [1]
_call_main                   0x111d         Code  Gb  cmain.o [5]
_exit                        0x1139         Code  Gb  cexit.o [5]
authenticated           0x2000'0018    0x4  Data  Gb  main.o [1]
auto_lock_timeout       0x2000'0000    0x4  Data  Gb  main.o [1]
delayMs                       0x715    0xc  Code  Gb  main.o [1]
delayUs                       0xbed   0x30  Code  Gb  systick.o [1]
exit                         0x1133    0x4  Code  Gb  exit.o [2]
g_pui32Xtals                  0xe08   0x6c  Data  Lc  sysctl.o [3]
main                          0x269  0x37a  Code  Gb  main.o [1]
master_password         0x2000'0004   0x14  Data  Gb  main.o [1]
pui32Stack              0x2000'001c  0x200  Data  Lc  startup_ewarm.o [1]
strcmp                        0xbd9         Code  Gb  strcmp.o [5]
strcpy                        0xb61         Code  Gb  strcpy.o [5]
stringToInt                   0x67d   0x20  Code  Gb  main.o [1]
strlen                        0xba1         Code  Gb  strlen.o [5]
strncmp                       0xb79   0x28  Code  Gb  strncmp.o [2]


[1] = D:\University\7th Semester Senior 1\Introduction to Enbedded Systems\Project\adeem\Control\Debug\Obj
[2] = dl7M_tln.a
[3] = driverlib.a
[4] = m7M_tls.a
[5] = rt7M_tl.a
[6] = shb_l.a

  3'806 bytes of readonly  code memory
    858 bytes of readonly  data memory
    540 bytes of readwrite data memory

Errors: none
Warnings: 1
