###############################################################################
#
# IAR ELF Linker V9.10.1.308/W64 for ARM                  20/Dec/2025  03:53:35
# Copyright 2007-2021 IAR Systems AB.
#
#    Output file  =
#        D:\University\7th Semester Senior 1\Introduction to Enbedded
#        Systems\Project\adeem\Control\Debug\Exe\Control.out
#    Map file     =
#        D:\University\7th Semester Senior 1\Introduction to Enbedded
#        Systems\Project\adeem\Control\Debug\List\Control.map
#    Command line =
#        -f "D:\University\7th Semester Senior 1\Introduction to Enbedded
#        Systems\Project\adeem\Control\Debug\Exe\Control.out.rsp"
#        ("D:\University\7th Semester Senior 1\Introduction to Enbedded
#        Systems\Project\adeem\Control\Debug\Obj\buzzer.o" "D:\University\7th
#        Semester Senior 1\Introduction to Enbedded
#        Systems\Project\adeem\Control\Debug\Obj\dio.o" "D:\University\7th
#        Semester Senior 1\Introduction to Enbedded
#        Systems\Project\adeem\Control\Debug\Obj\eeprom.o" "D:\University\7th
#        Semester Senior 1\Introduction to Enbedded
#        Systems\Project\adeem\Control\Debug\Obj\main.o" "D:\University\7th
#        Semester Senior 1\Introduction to Enbedded
#        Systems\Project\adeem\Control\Debug\Obj\Servo.o" "D:\University\7th
#        Semester Senior 1\Introduction to Enbedded
#        Systems\Project\adeem\Control\Debug\Obj\startup_ewarm.o"
#        "D:\University\7th Semester Senior 1\Introduction to Enbedded
#        Systems\Project\adeem\Control\Debug\Obj\systick.o" "D:\University\7th
#        Semester Senior 1\Introduction to Enbedded
#        Systems\Project\adeem\Control\Debug\Obj\uart.o" --no_out_extension -o
#        "D:\University\7th Semester Senior 1\Introduction to Enbedded
#        Systems\Project\adeem\Control\Debug\Exe\Control.out" --redirect
#        _Printf=_PrintfFullNoMb --redirect _Scanf=_ScanfFullNoMb --map
#        "D:\University\7th Semester Senior 1\Introduction to Enbedded
#        Systems\Project\adeem\Control\Debug\List\Control.map" --config
#        "C:\Program Files\IAR Systems\Embedded Workbench
#        9.0\arm\config\linker\TexasInstruments\TM4C123GH6.icf" --semihosting
#        D:\Programs\ti\driverlib\ewarm\Exe\driverlib.a --entry
#        __iar_program_start --vfe --text_out locale)
#
###############################################################################

*******************************************************************************
*** MESSAGES
***

Warning[Lt009]: Inconsistent wchar_t size
            eeprom.o(driverlib.a) and 4 other objects in driverlib.a have
                      wchar_t size 16 bits
            buzzer.o and 21 other objects, some of them in dl7M_tln.a and 11
                      other libraries have wchar_t size 32 bits


*******************************************************************************
*** RUNTIME MODEL ATTRIBUTES
***

CppFlavor       = *
__SystemLibrary = DLib
__dlib_version  = 6


*******************************************************************************
*** HEAP SELECTION
***

The basic heap was selected because no calls to memory allocation
functions were found in the application outside of system library
functions, and there are calls to deallocation functions in the
application.


*******************************************************************************
*** PLACEMENT SUMMARY
***

"A0":  place at address 0x0 { ro section .intvec };
"P1":  place in [from 0x0 to 0x3'ffff] { ro };
define block CSTACK with size = 4K, alignment = 8 { };
define block HEAP with size = 8K, alignment = 8 { };
"P2":  place in [from 0x2000'0000 to 0x2000'7fff] {
          rw, block CSTACK, block HEAP };
do not initialize { rw section .noinit };
initialize by copy { rw };

  Section            Kind         Address   Size  Object
  -------            ----         -------   ----  ------
"A0":                                      0x268
  .intvec            const            0x0  0x268  startup_ewarm.o [1]
                                  - 0x268  0x268

"P1":                                      0xf14
  .text              ro code        0x268  0x434  main.o [1]
  .text              ro code        0x69c   0x74  buzzer.o [1]
  .text              ro code        0x710   0x94  Servo.o [1]
  .text              ro code        0x7a4  0x108  uart.o [1]
  .text              ro code        0x8ac  0x122  eeprom.o [1]
  .text              ro code        0x9ce   0x3a  packbits_init_single.o [5]
  .text              ro code        0xa08   0x66  ABImemset.o [5]
  .text              ro code        0xa70   0x6c  strncpy_unaligned.o [5]
  .text              ro code        0xadc   0x18  strcpy.o [5]
  .text              ro code        0xaf4   0x28  strncmp.o [2]
  .text              ro code        0xb1c   0x36  strlen.o [5]
  .text              ro code        0xb54   0x12  strcmp.o [5]
  .text              ro code        0xb68   0x54  systick.o [1]
  .text              ro code        0xbbc  0x234  sysctl.o [3]
  .text              ro code        0xdf0  0x174  eeprom.o [3]
  .text              ro code        0xf64   0x28  systick.o [3]
  .text              ro code        0xf8c   0x68  dio.o [1]
  .text              ro code        0xff4   0x28  data_init.o [5]
  .text              ro code       0x101c   0x22  fpinit_M.o [4]
  .iar.init_table    const         0x1040   0x10  - Linker created -
  .text              ro code       0x1050   0x1e  startup_ewarm.o [1]
  .text              ro code       0x1070   0x1c  cstartup_M.o [5]
  .text              ro code       0x108c   0x1e  cmain.o [5]
  .text              ro code       0x10aa    0x4  low_level_init.o [2]
  .text              ro code       0x10ae    0x4  exit.o [2]
  .text              ro code       0x10b4    0xa  cexit.o [5]
  .text              ro code       0x10c0   0x14  exit.o [6]
  .rodata            const         0x10d4   0x10  main.o [1]
  .rodata            const         0x10e4   0x10  main.o [1]
  .rodata            const         0x10f4   0x10  main.o [1]
  .rodata            const         0x1104   0x10  main.o [1]
  .rodata            const         0x1114   0x10  main.o [1]
  .rodata            const         0x1124    0xc  main.o [1]
  .rodata            const         0x1130    0xc  main.o [1]
  .rodata            const         0x113c    0xc  main.o [1]
  .rodata            const         0x1148    0x8  main.o [1]
  .rodata            const         0x1150    0x8  main.o [1]
  .rodata            const         0x1158    0x8  main.o [1]
  .rodata            const         0x1160    0x8  main.o [1]
  .rodata            const         0x1168    0x8  main.o [1]
  .rodata            const         0x1170    0x8  main.o [1]
  .rodata            const         0x1178    0x0  packbits_init_single.o [5]
  Initializer bytes  const         0x1178    0x4  <for P2-1>
                                 - 0x117c  0xf14

"P2", part 1 of 2:                          0x18
  P2-1                        0x2000'0000   0x18  <Init block>
    .data            inited   0x2000'0000    0x4  main.o [1]
    .bss             inited   0x2000'0004   0x14  main.o [1]
                            - 0x2000'0018   0x18

"P2", part 2 of 2:                         0x200
  .noinit            uninit   0x2000'0018  0x200  startup_ewarm.o [1]
                            - 0x2000'0218  0x200

Unused ranges:

         From           To      Size
         ----           --      ----
       0x117c     0x3'ffff  0x3'ee84
  0x2000'0218  0x2000'7fff    0x7de8


*******************************************************************************
*** INIT TABLE
***

          Address      Size
          -------      ----
Copy/packbits (__iar_packbits_init_single3)
    1 source range, total size 0x4 (16% of destination):
               0x1178   0x4
    1 destination range, total size 0x18:
          0x2000'0000  0x18



*******************************************************************************
*** MODULE SUMMARY
***

    Module                  ro code  ro data  rw data
    ------                  -------  -------  -------
command line/config:
    -------------------------------------------------
    Total:

D:\University\7th Semester Senior 1\Introduction to Enbedded Systems\Project\adeem\Control\Debug\Obj: [1]
    Servo.o                     148
    buzzer.o                    116
    dio.o                       104
    eeprom.o                    290
    main.o                    1'076      168       24
    startup_ewarm.o              30      616      512
    systick.o                    84
    uart.o                      264
    -------------------------------------------------
    Total:                    2'112      784      536

dl7M_tln.a: [2]
    exit.o                        4
    low_level_init.o              4
    strncmp.o                    40
    -------------------------------------------------
    Total:                       48

driverlib.a: [3]
    eeprom.o                    372
    sysctl.o                    564
    systick.o                    40
    -------------------------------------------------
    Total:                      976

m7M_tls.a: [4]
    fpinit_M.o                   34
    -------------------------------------------------
    Total:                       34

rt7M_tl.a: [5]
    ABImemset.o                 102
    cexit.o                      10
    cmain.o                      30
    cstartup_M.o                 28
    data_init.o                  40
    packbits_init_single.o       58
    strcmp.o                     18
    strcpy.o                     24
    strlen.o                     54
    strncpy_unaligned.o         108
    -------------------------------------------------
    Total:                      472

shb_l.a: [6]
    exit.o                       20
    -------------------------------------------------
    Total:                       20

    Gaps                         12        2
    Linker created                        16
-----------------------------------------------------
    Grand Total:              3'674      802      536


*******************************************************************************
*** ENTRY LIST
***

Entry                       Address   Size  Type      Object
-----                       -------   ----  ----      ------
.iar.init_table$$Base        0x1040          --   Gb  - Linker created -
.iar.init_table$$Limit       0x1050          --   Gb  - Linker created -
?main                        0x108d         Code  Gb  cmain.o [5]
Buzzer_Beep                   0x6d7   0x24  Code  Gb  buzzer.o [1]
Buzzer_Init                   0x69d   0x3a  Code  Gb  buzzer.o [1]
CalculateAddress              0x8ad    0xa  Code  Lc  eeprom.o [1]
DIO_TogglePin                 0xf8d   0x4e  Code  Gb  dio.o [1]
Delay_ms                      0x5dd   0x2e  Code  Gb  main.o [1]
EEPROMInit                    0xe49   0x2a  Code  Gb  eeprom.o [3]
EEPROMProgram                 0xeab   0x98  Code  Gb  eeprom.o [3]
EEPROMRead                    0xe81   0x2a  Code  Gb  eeprom.o [3]
EEPROM_Init                   0x8b7   0x24  Code  Gb  eeprom.o [1]
EEPROM_ReadBuffer             0x98f   0x40  Code  Gb  eeprom.o [1]
EEPROM_ReadWord               0x915   0x30  Code  Gb  eeprom.o [1]
EEPROM_WriteBuffer            0x945   0x4a  Code  Gb  eeprom.o [1]
EEPROM_WriteWord              0x8e1   0x34  Code  Gb  eeprom.o [1]
FaultISR                     0x106b    0x2  Code  Lc  startup_ewarm.o [1]
IntDefaultHandler            0x106d    0x2  Code  Lc  startup_ewarm.o [1]
NmiSR                        0x1069    0x2  Code  Lc  startup_ewarm.o [1]
Region$$Table$$Base          0x1040          --   Gb  - Linker created -
Region$$Table$$Limit         0x1050          --   Gb  - Linker created -
ResetISR                     0x1051   0x14  Code  Gb  startup_ewarm.o [1]
Servo_Init                    0x711   0x2e  Code  Gb  Servo.o [1]
Servo_SetAngle                0x73f   0x50  Code  Gb  Servo.o [1]
SysCtlClockGet                0xc41  0x110  Code  Gb  sysctl.o [3]
SysCtlDelay                   0xc39    0x8  Code  Gb  sysctl.o [3]
SysCtlPeripheralEnable        0xc1d    0x8  Code  Gb  sysctl.o [3]
SysCtlPeripheralReady         0xbbd    0x8  Code  Gb  sysctl.o [3]
SysCtlPeripheralReset         0xbdd   0x40  Code  Gb  sysctl.o [3]
SysTickDisable                0xf71    0xc  Code  Gb  systick.o [3]
SysTickEnable                 0xf65    0xc  Code  Gb  systick.o [3]
SysTickPeriodSet              0xf7d    0x8  Code  Gb  systick.o [3]
System_Init                   0x571   0x6c  Code  Gb  main.o [1]
SystickHandler                0xba1   0x1c  Code  Gb  systick.o [1]
UART2_Available               0x855   0x10  Code  Gb  uart.o [1]
UART2_Init                    0x7a5   0x82  Code  Gb  uart.o [1]
UART2_ReadChar                0x865    0x8  Code  Gb  uart.o [1]
UART2_SendChar                0x827   0x12  Code  Gb  uart.o [1]
UART2_SendString              0x839   0x1c  Code  Gb  uart.o [1]
_EEPROMSectorMaskClear        0xe1b   0x22  Code  Lc  eeprom.o [3]
_EEPROMSectorMaskSet          0xdf1   0x2a  Code  Lc  eeprom.o [3]
__aeabi_memset                0xa09         Code  Gb  ABImemset.o [5]
__cmain                      0x108d         Code  Gb  cmain.o [5]
__exit                       0x10c1   0x14  Code  Gb  exit.o [6]
__iar_Memset                  0xa09         Code  Gb  ABImemset.o [5]
__iar_Memset_word             0xa11         Code  Gb  ABImemset.o [5]
__iar_data_init3              0xff5   0x28  Code  Gb  data_init.o [5]
__iar_init_vfp               0x101d         Code  Gb  fpinit_M.o [4]
__iar_packbits_init_single3
                              0x9cf   0x3a  Code  Gb  packbits_init_single.o [5]
__iar_program_start          0x1071         Code  Gb  cstartup_M.o [5]
__iar_unaligned_strncpy
                              0xa71         Code  Gb  strncpy_unaligned.o [5]
__low_level_init             0x10ab    0x4  Code  Gb  low_level_init.o [2]
__vector_table                  0x0  0x268  Data  Gb  startup_ewarm.o [1]
_call_main                   0x1099         Code  Gb  cmain.o [5]
_exit                        0x10b5         Code  Gb  cexit.o [5]
auto_lock_timeout       0x2000'0000    0x4  Data  Gb  main.o [1]
delayMs                       0x691    0xc  Code  Gb  main.o [1]
delayUs                       0xb69   0x30  Code  Gb  systick.o [1]
exit                         0x10af    0x4  Code  Gb  exit.o [2]
g_pui32Xtals                  0xd84   0x6c  Data  Lc  sysctl.o [3]
main                          0x269  0x308  Code  Gb  main.o [1]
master_password         0x2000'0004   0x14  Data  Gb  main.o [1]
pui32Stack              0x2000'0018  0x200  Data  Lc  startup_ewarm.o [1]
strcmp                        0xb55         Code  Gb  strcmp.o [5]
strcpy                        0xadd         Code  Gb  strcpy.o [5]
stringToInt                   0x60b   0x20  Code  Gb  main.o [1]
strlen                        0xb1d         Code  Gb  strlen.o [5]
strncmp                       0xaf5   0x28  Code  Gb  strncmp.o [2]


[1] = D:\University\7th Semester Senior 1\Introduction to Enbedded Systems\Project\adeem\Control\Debug\Obj
[2] = dl7M_tln.a
[3] = driverlib.a
[4] = m7M_tls.a
[5] = rt7M_tl.a
[6] = shb_l.a

  3'674 bytes of readonly  code memory
    802 bytes of readonly  data memory
    536 bytes of readwrite data memory

Errors: none
Warnings: 1
