###############################################################################
#
# IAR ELF Linker V9.10.1.308/W64 for ARM                  07/Dec/2025  13:38:26
# Copyright 2007-2021 IAR Systems AB.
#
#    Output file  =
#        D:\University\7th Semester Senior 1\Introduction to Enbedded
#        Systems\Project\Working\Tiva 1\Debug\Exe\Tiva 1.out
#    Map file     =
#        D:\University\7th Semester Senior 1\Introduction to Enbedded
#        Systems\Project\Working\Tiva 1\Debug\List\Tiva 1.map
#    Command line =
#        -f "D:\University\7th Semester Senior 1\Introduction to Enbedded
#        Systems\Project\Working\Tiva 1\Debug\Exe\Tiva 1.out.rsp"
#        ("D:\University\7th Semester Senior 1\Introduction to Enbedded
#        Systems\Project\Working\Tiva 1\Debug\Obj\dio.o" "D:\University\7th
#        Semester Senior 1\Introduction to Enbedded
#        Systems\Project\Working\Tiva 1\Debug\Obj\keypad.o" "D:\University\7th
#        Semester Senior 1\Introduction to Enbedded
#        Systems\Project\Working\Tiva 1\Debug\Obj\lcd.o" "D:\University\7th
#        Semester Senior 1\Introduction to Enbedded
#        Systems\Project\Working\Tiva 1\Debug\Obj\main.o" "D:\University\7th
#        Semester Senior 1\Introduction to Enbedded
#        Systems\Project\Working\Tiva 1\Debug\Obj\systick.o" "D:\University\7th
#        Semester Senior 1\Introduction to Enbedded
#        Systems\Project\Working\Tiva 1\Debug\Obj\test_keypad.o"
#        "D:\University\7th Semester Senior 1\Introduction to Enbedded
#        Systems\Project\Working\Tiva 1\Debug\Obj\uart.o" --no_out_extension -o
#        "D:\University\7th Semester Senior 1\Introduction to Enbedded
#        Systems\Project\Working\Tiva 1\Debug\Exe\Tiva 1.out" --redirect
#        _Printf=_PrintfFullNoMb --redirect _Scanf=_ScanfFullNoMb --map
#        "D:\University\7th Semester Senior 1\Introduction to Enbedded
#        Systems\Project\Working\Tiva 1\Debug\List\Tiva 1.map" --config
#        "C:\Program Files\IAR Systems\Embedded Workbench
#        9.0\arm\CONFIG\generic_cortex.icf" --semihosting --entry
#        __iar_program_start --vfe --text_out locale)
#
###############################################################################

*******************************************************************************
*** MESSAGES
***

Error[Li006]: duplicate definitions for "main"; in "D:\University\7th Semester 
          Senior 1\Introduction to Enbedded Systems\Project\Working\Tiva 1\Debu
          g\Obj\main.o"
          , and "D:\University\7th Semester Senior 1\Introduction to Enbedded S
          ystems\Project\Working\Tiva 1\Debug\Obj\test_keypad.o"


*******************************************************************************
*** RUNTIME MODEL ATTRIBUTES
***

CppFlavor       = *
__SystemLibrary = DLib
__dlib_version  = 6


*******************************************************************************
*** HEAP SELECTION
***

The basic heap was selected because no calls to memory allocation
functions were found in the application outside of system library
functions, and there are calls to deallocation functions in the
application.


*******************************************************************************
*** PLACEMENT SUMMARY
***

"A0":  place at address 0x0 { ro section .intvec };
"P1":  place in [from 0x0 to 0x7'ffff] { ro };
define block CSTACK with size = 1K, alignment = 8 { };
define block PROC_STACK with size = 0, alignment = 8 { };
define block HEAP with size = 2K, alignment = 8 { };
"P2":  place in [from 0x2000'0000 to 0x2000'ffff] {
          rw, block CSTACK, block PROC_STACK, block HEAP };
initialize by copy { rw };

  Section            Kind         Address   Size  Object
  -------            ----         -------   ----  ------
"A0":                                       0x40
  .intvec            ro code          0x0   0x40  vector_table_M.o [4]
                                   - 0x40   0x40

"P1":                                      0xa30
  .text              ro code         0x40  0x3e8  dio.o [1]
  .text              ro code        0x428  0x1c2  lcd.o [1]
  .text              ro code        0x5ea   0x2a  copy_init3.o [4]
  .text              ro code        0x614  0x140  main.o [1]
  .text              ro code        0x754   0xcc  keypad.o [1]
  .text              ro code        0x820   0xd8  uart.o [1]
  .text              ro code        0x8f8   0x30  systick.o [1]
  .text              ro code        0x928   0x2c  iarttio.o [5]
  .text              ro code        0x954    0x8  XShttio.o [2]
  .text              ro code        0x95c   0x28  data_init.o [4]
  .iar.init_table    const          0x984   0x14  - Linker created -
  .text              ro code        0x998   0x1e  cmain.o [4]
  .text              ro code        0x9b6    0x4  low_level_init.o [2]
  .text              ro code        0x9ba    0x4  exit.o [2]
  .text              ro code        0x9be    0x2  vectortrap_M.o [4]
  .text              ro code        0x9c0    0xa  cexit.o [4]
  .text              ro code        0x9cc   0x14  exit.o [5]
  .text              ro code        0x9e0   0x1c  cstartup_M.o [4]
  .rodata            const          0x9fc   0x10  keypad.o [1]
  .rodata            const          0xa0c   0x10  main.o [1]
  .rodata            const          0xa1c   0x10  main.o [1]
  .rodata            const          0xa2c   0x10  main.o [1]
  .rodata            const          0xa3c   0x10  main.o [1]
  .rodata            const          0xa4c    0xc  main.o [1]
  .rodata            const          0xa58    0xc  main.o [1]
  Initializer bytes  const          0xa64    0xc  <for P2-1> (used: 0x0)
  .rodata            const          0xa70    0x0  copy_init3.o [4]
                                  - 0xa70  0xa30

"P2", part 1 of 2:                           0xc
  P2-1                        0x2000'0000    0x9  <Init block>
    .data            inited   0x2000'0000    0x8  XShttio.o [2]
    .bss             inited   0x2000'0008    0x1  systick.o [1]
                            - 0x2000'0009    0x9

"P2", part 2 of 2:                         0x400
  CSTACK                      0x2000'0010  0x400  <Block>
    CSTACK           uninit   0x2000'0010  0x400  <Block tail>
                            - 0x2000'0410  0x400

Unused ranges:

         From           To      Size
         ----           --      ----
        0xa70     0x7'ffff  0x7'f590
  0x2000'000c  0x2000'000f       0x4
  0x2000'0410  0x2000'ffff    0xfbf0


*******************************************************************************
*** INIT TABLE
***

          Address      Size
          -------      ----
Copy (__iar_copy_init3)
    1 source range, total size 0xc (133% of destination):
                0xa64   0xc
    1 destination range, total size 0x9:
          0x2000'0000   0x9



*******************************************************************************
*** MODULE SUMMARY
***

    Module            ro code  ro data  rw data
    ------            -------  -------  -------
command line/config:
    -------------------------------------------
    Total:

D:\University\7th Semester Senior 1\Introduction to Enbedded Systems\Project\Working\Tiva 1\Debug\Obj: [1]
    dio.o               1'000
    keypad.o              204       16
    lcd.o                 450
    main.o                320       88
    systick.o              48        1        1
    uart.o                216
    -------------------------------------------
    Total:              2'238      105        1

dl7M_tln.a: [2]
    XShttio.o               8        8        8
    exit.o                  4
    low_level_init.o        4
    -------------------------------------------
    Total:                 16        8        8

m7M_tl.a: [3]
    -------------------------------------------
    Total:

rt7M_tl.a: [4]
    cexit.o                10
    cmain.o                30
    copy_init3.o           42
    cstartup_M.o           28
    data_init.o            40
    vector_table_M.o       64
    vectortrap_M.o          2
    -------------------------------------------
    Total:                216

shb_l.a: [5]
    exit.o                 20
    iarttio.o              44
    -------------------------------------------
    Total:                 64

    Gaps                    2
    Linker created                  23    1'024
-----------------------------------------------
    Grand Total:        2'536      136    1'033


*******************************************************************************
*** ENTRY LIST
***

Entry                       Address   Size  Type      Object
-----                       -------   ----  ----      ------
.iar.init_table$$Base         0x984          --   Gb  - Linker created -
.iar.init_table$$Limit        0x998          --   Gb  - Linker created -
?main                         0x999         Code  Gb  cmain.o [4]
BusFault_Handler              0x9bf         Code  Wk  vectortrap_M.o [4]
CSTACK$$Base            0x2000'0010          --   Gb  - Linker created -
CSTACK$$Limit           0x2000'0410          --   Gb  - Linker created -
DIO_Init                       0x41  0x29e  Code  Gb  dio.o [1]
DIO_WritePin                  0x2df   0xa8  Code  Gb  dio.o [1]
DebugMon_Handler              0x9bf         Code  Wk  vectortrap_M.o [4]
DelayMs                       0x8f9   0x22  Code  Gb  systick.o [1]
HardFault_Handler             0x9bf         Code  Wk  vectortrap_M.o [4]
KEYS                          0x9fc   0x10  Data  Gb  keypad.o [1]
Keypad_GetKey                 0x79f   0x5c  Code  Gb  keypad.o [1]
Keypad_Init                   0x755   0x4a  Code  Gb  keypad.o [1]
LCD_Char                      0x4ff   0x82  Code  Gb  lcd.o [1]
LCD_Clear                     0x5ab   0x10  Code  Gb  lcd.o [1]
LCD_Command                   0x47d   0x82  Code  Gb  lcd.o [1]
LCD_Init                      0x429   0x54  Code  Gb  lcd.o [1]
LCD_String                    0x595   0x16  Code  Gb  lcd.o [1]
MemManage_Handler             0x9bf         Code  Wk  vectortrap_M.o [4]
NMI_Handler                   0x9bf         Code  Wk  vectortrap_M.o [4]
PendSV_Handler                0x9bf         Code  Wk  vectortrap_M.o [4]
Region$$Table$$Base           0x984          --   Gb  - Linker created -
Region$$Table$$Limit          0x998          --   Gb  - Linker created -
SVC_Handler                   0x9bf         Code  Wk  vectortrap_M.o [4]
SysTick_Handler               0x9bf         Code  Wk  vectortrap_M.o [4]
UART0_DataAvailable           0x8bb   0x12  Code  Gb  uart.o [1]
UART0_Init                    0x821   0x64  Code  Gb  uart.o [1]
UART0_ReceiveChar             0x8ab   0x10  Code  Gb  uart.o [1]
UART0_SendChar                0x885   0x10  Code  Gb  uart.o [1]
UART0_SendString              0x895   0x16  Code  Gb  uart.o [1]
UsageFault_Handler            0x9bf         Code  Wk  vectortrap_M.o [4]
__cmain                       0x999         Code  Gb  cmain.o [4]
__exit                        0x9cd   0x14  Code  Gb  exit.o [5]
__iar_close_ttio              0x929   0x2c  Code  Gb  iarttio.o [5]
__iar_copy_init3              0x5eb   0x2a  Code  Gb  copy_init3.o [4]
__iar_data_init3              0x95d   0x28  Code  Gb  data_init.o [4]
__iar_lookup_ttioh            0x955    0x8  Code  Gb  XShttio.o [2]
__iar_program_start           0x9e1         Code  Gb  cstartup_M.o [4]
__iar_ttio_handles      0x2000'0000    0x8  Data  Lc  XShttio.o [2]
__low_level_init              0x9b7    0x4  Code  Gb  low_level_init.o [2]
__vector_table                  0x0         Data  Gb  vector_table_M.o [4]
_call_main                    0x9a5         Code  Gb  cmain.o [4]
_exit                         0x9c1         Code  Gb  cexit.o [4]
delayMs                       0x5bb   0x1a  Code  Gb  lcd.o [1]
delayUs                       0x5d5   0x16  Code  Gb  lcd.o [1]
exit                          0x9bb    0x4  Code  Gb  exit.o [2]
interruptMode           0x2000'0008    0x1  Data  Lc  systick.o [1]
main                          0x615  0x140  Code  Gb  main.o [1]


[1] = D:\University\7th Semester Senior 1\Introduction to Enbedded Systems\Project\Working\Tiva 1\Debug\Obj
[2] = dl7M_tln.a
[3] = m7M_tl.a
[4] = rt7M_tl.a
[5] = shb_l.a

  2'536 bytes of readonly  code memory
    136 bytes of readonly  data memory
  1'033 bytes of readwrite data memory

Errors: 1
Warnings: none
