###############################################################################
#
# IAR ELF Linker V9.10.1.308/W64 for ARM                  07/Dec/2025  14:11:48
# Copyright 2007-2021 IAR Systems AB.
#
#    Output file  =
#        D:\University\7th Semester Senior 1\Introduction to Enbedded
#        Systems\Project\Working\Tiva 1\Debug\Exe\Tiva 1.out
#    Map file     =
#        D:\University\7th Semester Senior 1\Introduction to Enbedded
#        Systems\Project\Working\Tiva 1\Debug\List\Tiva 1.map
#    Command line =
#        -f "D:\University\7th Semester Senior 1\Introduction to Enbedded
#        Systems\Project\Working\Tiva 1\Debug\Exe\Tiva 1.out.rsp"
#        ("D:\University\7th Semester Senior 1\Introduction to Enbedded
#        Systems\Project\Working\Tiva 1\Debug\Obj\dio.o" "D:\University\7th
#        Semester Senior 1\Introduction to Enbedded
#        Systems\Project\Working\Tiva 1\Debug\Obj\keypad.o" "D:\University\7th
#        Semester Senior 1\Introduction to Enbedded
#        Systems\Project\Working\Tiva 1\Debug\Obj\lcd.o" "D:\University\7th
#        Semester Senior 1\Introduction to Enbedded
#        Systems\Project\Working\Tiva 1\Debug\Obj\main.o" "D:\University\7th
#        Semester Senior 1\Introduction to Enbedded
#        Systems\Project\Working\Tiva 1\Debug\Obj\systick.o" "D:\University\7th
#        Semester Senior 1\Introduction to Enbedded
#        Systems\Project\Working\Tiva 1\Debug\Obj\uart.o" --no_out_extension -o
#        "D:\University\7th Semester Senior 1\Introduction to Enbedded
#        Systems\Project\Working\Tiva 1\Debug\Exe\Tiva 1.out" --redirect
#        _Printf=_PrintfFullNoMb --redirect _Scanf=_ScanfFullNoMb --map
#        "D:\University\7th Semester Senior 1\Introduction to Enbedded
#        Systems\Project\Working\Tiva 1\Debug\List\Tiva 1.map" --config
#        "C:\Program Files\IAR Systems\Embedded Workbench
#        9.0\arm\CONFIG\generic_cortex.icf" --semihosting --entry
#        __iar_program_start --vfe --text_out locale)
#
###############################################################################

*******************************************************************************
*** RUNTIME MODEL ATTRIBUTES
***

CppFlavor       = *
__SystemLibrary = DLib
__dlib_version  = 6


*******************************************************************************
*** HEAP SELECTION
***

The basic heap was selected because no calls to memory allocation
functions were found in the application outside of system library
functions, and there are calls to deallocation functions in the
application.


*******************************************************************************
*** PLACEMENT SUMMARY
***

"A0":  place at address 0x0 { ro section .intvec };
"P1":  place in [from 0x0 to 0x7'ffff] { ro };
define block CSTACK with size = 1K, alignment = 8 { };
define block PROC_STACK with size = 0, alignment = 8 { };
define block HEAP with size = 2K, alignment = 8 { };
"P2":  place in [from 0x2000'0000 to 0x2000'ffff] {
          rw, block CSTACK, block PROC_STACK, block HEAP };

  Section          Kind         Address   Size  Object
  -------          ----         -------   ----  ------
"A0":                                     0x40
  .intvec          ro code          0x0   0x40  vector_table_M.o [3]
                                 - 0x40   0x40

"P1":                                    0xa18
  .text            ro code         0x40  0x3ec  dio.o [1]
  .text            ro code        0x42c  0x1c6  lcd.o [1]
  .text            ro code        0x5f2    0x2  vectortrap_M.o [3]
  .text            ro code        0x5f4  0x150  main.o [1]
  .text            ro code        0x744   0xcc  keypad.o [1]
  .text            ro code        0x810   0xdc  uart.o [1]
  .text            ro code        0x8ec   0x30  systick.o [1]
  .text            ro code        0x91c   0x38  zero_init3.o [3]
  .text            ro code        0x954   0x28  data_init.o [3]
  .iar.init_table  const          0x97c   0x10  - Linker created -
  .text            ro code        0x98c   0x1e  cmain.o [3]
  .text            ro code        0x9aa    0x4  low_level_init.o [2]
  .text            ro code        0x9ae    0x4  exit.o [2]
  .text            ro code        0x9b4    0xa  cexit.o [3]
  .text            ro code        0x9c0   0x14  exit.o [4]
  .text            ro code        0x9d4   0x1c  cstartup_M.o [3]
  .rodata          const          0x9f0   0x10  keypad.o [1]
  .rodata          const          0xa00   0x10  main.o [1]
  .rodata          const          0xa10   0x10  main.o [1]
  .rodata          const          0xa20   0x10  main.o [1]
  .rodata          const          0xa30   0x10  main.o [1]
  .rodata          const          0xa40    0xc  main.o [1]
  .rodata          const          0xa4c    0xc  main.o [1]
  .rodata          const          0xa58    0x0  zero_init3.o [3]
                                - 0xa58  0xa18

"P2", part 1 of 2:                         0x4
  .bss             zero     0x2000'0000    0x1  systick.o [1]
                          - 0x2000'0001    0x1

"P2", part 2 of 2:                       0x400
  CSTACK                    0x2000'0008  0x400  <Block>
    CSTACK         uninit   0x2000'0008  0x400  <Block tail>
                          - 0x2000'0408  0x400

Unused ranges:

         From           To      Size
         ----           --      ----
        0xa58     0x7'ffff  0x7'f5a8
  0x2000'0004  0x2000'0007       0x4
  0x2000'0408  0x2000'ffff    0xfbf8


*******************************************************************************
*** INIT TABLE
***

          Address      Size
          -------      ----
Zero (__iar_zero_init3)
    1 destination range, total size 0x1:
          0x2000'0000   0x1



*******************************************************************************
*** MODULE SUMMARY
***

    Module            ro code  ro data  rw data
    ------            -------  -------  -------
command line/config:
    -------------------------------------------
    Total:

D:\University\7th Semester Senior 1\Introduction to Enbedded Systems\Project\Working\Tiva 1\Debug\Obj: [1]
    dio.o               1'004
    keypad.o              204       16
    lcd.o                 454
    main.o                336       88
    systick.o              48                 1
    uart.o                220
    -------------------------------------------
    Total:              2'266      104        1

dl7M_tln.a: [2]
    exit.o                  4
    low_level_init.o        4
    -------------------------------------------
    Total:                  8

rt7M_tl.a: [3]
    cexit.o                10
    cmain.o                30
    cstartup_M.o           28
    data_init.o            40
    vector_table_M.o       64
    vectortrap_M.o          2
    zero_init3.o           56
    -------------------------------------------
    Total:                230

shb_l.a: [4]
    exit.o                 20
    -------------------------------------------
    Total:                 20

    Gaps                    4
    Linker created                  16    1'024
-----------------------------------------------
    Grand Total:        2'528      120    1'025


*******************************************************************************
*** ENTRY LIST
***

Entry                       Address   Size  Type      Object
-----                       -------   ----  ----      ------
.iar.init_table$$Base         0x97c          --   Gb  - Linker created -
.iar.init_table$$Limit        0x98c          --   Gb  - Linker created -
?main                         0x98d         Code  Gb  cmain.o [3]
BusFault_Handler              0x5f3         Code  Wk  vectortrap_M.o [3]
CSTACK$$Base            0x2000'0008          --   Gb  - Linker created -
CSTACK$$Limit           0x2000'0408          --   Gb  - Linker created -
DIO_Init                       0x41  0x2a0  Code  Gb  dio.o [1]
DIO_WritePin                  0x2e1   0xac  Code  Gb  dio.o [1]
DebugMon_Handler              0x5f3         Code  Wk  vectortrap_M.o [3]
DelayMs                       0x8ed   0x22  Code  Gb  systick.o [1]
HardFault_Handler             0x5f3         Code  Wk  vectortrap_M.o [3]
KEYS                          0x9f0   0x10  Data  Gb  keypad.o [1]
Keypad_GetKey                 0x78f   0x5c  Code  Gb  keypad.o [1]
Keypad_Init                   0x745   0x4a  Code  Gb  keypad.o [1]
LCD_Char                      0x505   0x84  Code  Gb  lcd.o [1]
LCD_Clear                     0x5b3   0x10  Code  Gb  lcd.o [1]
LCD_Command                   0x481   0x84  Code  Gb  lcd.o [1]
LCD_Init                      0x42d   0x54  Code  Gb  lcd.o [1]
LCD_String                    0x59d   0x16  Code  Gb  lcd.o [1]
MemManage_Handler             0x5f3         Code  Wk  vectortrap_M.o [3]
NMI_Handler                   0x5f3         Code  Wk  vectortrap_M.o [3]
PendSV_Handler                0x5f3         Code  Wk  vectortrap_M.o [3]
Region$$Table$$Base           0x97c          --   Gb  - Linker created -
Region$$Table$$Limit          0x98c          --   Gb  - Linker created -
SVC_Handler                   0x5f3         Code  Wk  vectortrap_M.o [3]
SysTick_Handler               0x5f3         Code  Wk  vectortrap_M.o [3]
UART0_DataAvailable           0x8ad   0x12  Code  Gb  uart.o [1]
UART0_Init                    0x811   0x64  Code  Gb  uart.o [1]
UART0_ReceiveChar             0x89d   0x10  Code  Gb  uart.o [1]
UART0_SendChar                0x875   0x12  Code  Gb  uart.o [1]
UART0_SendString              0x887   0x16  Code  Gb  uart.o [1]
UsageFault_Handler            0x5f3         Code  Wk  vectortrap_M.o [3]
__cmain                       0x98d         Code  Gb  cmain.o [3]
__exit                        0x9c1   0x14  Code  Gb  exit.o [4]
__iar_data_init3              0x955   0x28  Code  Gb  data_init.o [3]
__iar_program_start           0x9d5         Code  Gb  cstartup_M.o [3]
__iar_zero_init3              0x91d   0x38  Code  Gb  zero_init3.o [3]
__low_level_init              0x9ab    0x4  Code  Gb  low_level_init.o [2]
__vector_table                  0x0         Data  Gb  vector_table_M.o [3]
_call_main                    0x999         Code  Gb  cmain.o [3]
_exit                         0x9b5         Code  Gb  cexit.o [3]
delayMs                       0x5c3   0x1a  Code  Gb  lcd.o [1]
delayUs                       0x5dd   0x16  Code  Gb  lcd.o [1]
exit                          0x9af    0x4  Code  Gb  exit.o [2]
interruptMode           0x2000'0000    0x1  Data  Lc  systick.o [1]
main                          0x5f5  0x150  Code  Gb  main.o [1]


[1] = D:\University\7th Semester Senior 1\Introduction to Enbedded Systems\Project\Working\Tiva 1\Debug\Obj
[2] = dl7M_tln.a
[3] = rt7M_tl.a
[4] = shb_l.a

  2'528 bytes of readonly  code memory
    120 bytes of readonly  data memory
  1'025 bytes of readwrite data memory

Errors: none
Warnings: none
