###############################################################################
#
# IAR ELF Linker V9.10.1.308/W64 for ARM                  21/Dec/2025  23:37:24
# Copyright 2007-2021 IAR Systems AB.
#
#    Output file  =
#        D:\University\7th Semester Senior 1\Introduction to Enbedded
#        Systems\Project\adeem\HMI\Debug\Exe\HMI.axf
#    Map file     =
#        D:\University\7th Semester Senior 1\Introduction to Enbedded
#        Systems\Project\adeem\HMI\Debug\List\HMI.map
#    Command line =
#        -f "D:\University\7th Semester Senior 1\Introduction to Enbedded
#        Systems\Project\adeem\HMI\Debug\Exe\HMI.axf.rsp" ("D:\University\7th
#        Semester Senior 1\Introduction to Enbedded
#        Systems\Project\adeem\HMI\Debug\Obj\adc.o" "D:\University\7th Semester
#        Senior 1\Introduction to Enbedded
#        Systems\Project\adeem\HMI\Debug\Obj\dio.o" "D:\University\7th Semester
#        Senior 1\Introduction to Enbedded
#        Systems\Project\adeem\HMI\Debug\Obj\keypad.o" "D:\University\7th
#        Semester Senior 1\Introduction to Enbedded
#        Systems\Project\adeem\HMI\Debug\Obj\lcd.o" "D:\University\7th Semester
#        Senior 1\Introduction to Enbedded
#        Systems\Project\adeem\HMI\Debug\Obj\main.o" "D:\University\7th
#        Semester Senior 1\Introduction to Enbedded
#        Systems\Project\adeem\HMI\Debug\Obj\startup_ewarm.o"
#        "D:\University\7th Semester Senior 1\Introduction to Enbedded
#        Systems\Project\adeem\HMI\Debug\Obj\systick.o" "D:\University\7th
#        Semester Senior 1\Introduction to Enbedded
#        Systems\Project\adeem\HMI\Debug\Obj\test_integration.o"
#        "D:\University\7th Semester Senior 1\Introduction to Enbedded
#        Systems\Project\adeem\HMI\Debug\Obj\uart.o" --no_out_extension -o
#        "D:\University\7th Semester Senior 1\Introduction to Enbedded
#        Systems\Project\adeem\HMI\Debug\Exe\HMI.axf" --redirect
#        _Printf=_PrintfFullNoMb --redirect _Scanf=_ScanfFullNoMb --map
#        "D:\University\7th Semester Senior 1\Introduction to Enbedded
#        Systems\Project\adeem\HMI\Debug\List\HMI.map" --config "C:\Program
#        Files\IAR Systems\Embedded Workbench
#        9.0\arm\config\linker\TexasInstruments\TM4C123GH6.icf" --semihosting
#        D:\Programs\ti\driverlib\ewarm\Exe\driverlib.a --entry
#        __iar_program_start --vfe --text_out locale)
#
###############################################################################

*******************************************************************************
*** RUNTIME MODEL ATTRIBUTES
***

CppFlavor       = *
__SystemLibrary = DLib
__dlib_version  = 6


*******************************************************************************
*** HEAP SELECTION
***

The basic heap was selected because no calls to memory allocation
functions were found in the application outside of system library
functions, and there are calls to deallocation functions in the
application.


*******************************************************************************
*** PLACEMENT SUMMARY
***

"A0":  place at address 0x0 { ro section .intvec };
"P1":  place in [from 0x0 to 0x3'ffff] { ro };
define block CSTACK with size = 4K, alignment = 8 { };
define block HEAP with size = 8K, alignment = 8 { };
"P2":  place in [from 0x2000'0000 to 0x2000'7fff] {
          rw, block CSTACK, block HEAP };
do not initialize { rw section .noinit };

  Section          Kind         Address    Size  Object
  -------          ----         -------    ----  ------
"A0":                                     0x26c
  .intvec          const            0x0   0x26c  startup_ewarm.o [1]
                                - 0x26c   0x26c

"P1":                                    0x470c
  .text            ro code        0x26c  0x132c  main.o [1]
  .text            ro code       0x1598   0x124  uart.o [1]
  .text            ro code       0x16bc   0x1e8  lcd.o [1]
  .text            ro code       0x18a4    0x66  ABImemset.o [4]
  .text            ro code       0x190a     0xa  xsprout.o [2]
  .text            ro code       0x1914    0x18  strcpy.o [4]
  .text            ro code       0x192c    0xcc  keypad.o [1]
  .text            ro code       0x19f8   0x100  adc.o [1]
  .text            ro code       0x1af8   0x43c  dio.o [1]
  .text            ro code       0x1f34     0x6  ABImemclr.o [4]
  .text            ro code       0x1f3a    0x2c  strstr.o [2]
  .text            ro code       0x1f68   0x564  test_integration.o [1]
  .text            ro code       0x24cc    0x40  sprintf.o [2]
  .text            ro code       0x250c    0x12  strcmp.o [4]
  .text            ro code       0x2520    0x16  strchr.o [4]
  .text            ro code       0x2538   0xf16  xprintffull_nomb.o [2]
  .text            ro code       0x3450    0x40  xfail_s.o [2]
  .text            ro code       0x3490    0x36  strlen.o [4]
  .text            ro code       0x34c8    0x58  memchr.o [4]
  .text            ro code       0x3520    0x76  ABImemcpy_unaligned.o [4]
  .text            ro code       0x3598    0x70  frexp.o [3]
  .text            ro code       0x3608    0x34  DblCmpLe.o [3]
  .text            ro code       0x363c    0x34  DblCmpGe.o [3]
  .text            ro code       0x3670   0x13a  ldexp.o [3]
  .text            ro code       0x37ac    0x36  DblToS32.o [3]
  .text            ro code       0x37e4    0x22  S32ToDbl.o [3]
  .text            ro code       0x3808   0x24e  DblAddSub.o [3]
  .text            ro code       0x3a58   0x246  DblDiv.o [3]
  .text            ro code       0x3ca0    0x22  DblToU32.o [3]
  .text            ro code       0x3cc4    0x1c  U32ToDbl.o [3]
  .text            ro code       0x3ce0   0x1aa  DblMul.o [3]
  .text            ro code       0x3e8c   0x230  I64DivMod.o [4]
  .text            ro code       0x40bc     0x6  abort.o [2]
  .text            ro code       0x40c4     0x2  I64DivZer.o [4]
  .text            ro code       0x40c8    0x14  exit.o [5]
  .text            ro code       0x40dc    0x38  zero_init3.o [4]
  .rodata          const         0x4114    0x2c  test_integration.o [1]
  .text            ro code       0x4140    0x28  data_init.o [4]
  .rodata          const         0x4168    0x24  test_integration.o [1]
  .rodata          const         0x418c    0x24  test_integration.o [1]
  .text            ro code       0x41b0    0x22  fpinit_M.o [3]
  .iar.init_table  const         0x41d4    0x10  - Linker created -
  .rodata          const         0x41e4    0x20  test_integration.o [1]
  .rodata          const         0x4204    0x20  test_integration.o [1]
  .rodata          const         0x4224    0x20  test_integration.o [1]
  .rodata          const         0x4244    0x20  test_integration.o [1]
  .rodata          const         0x4264    0x20  test_integration.o [1]
  .text            ro code       0x4284    0x1e  startup_ewarm.o [1]
  .text            ro code       0x42a4    0x1c  cstartup_M.o [4]
  .text            ro code       0x42c0    0x1e  cmain.o [4]
  .text            ro code       0x42de     0x4  low_level_init.o [2]
  .text            ro code       0x42e2     0x4  exit.o [2]
  .text            ro code       0x42e8     0xa  cexit.o [4]
  .rodata          const         0x42f4    0x1c  test_integration.o [1]
  .rodata          const         0x4310    0x1c  test_integration.o [1]
  .text            ro code       0x432c    0x1c  systick.o [1]
  .rodata          const         0x4348    0x18  test_integration.o [1]
  .rodata          const         0x4360    0x18  test_integration.o [1]
  .rodata          const         0x4378    0x18  test_integration.o [1]
  .rodata          const         0x4390    0x18  test_integration.o [1]
  .rodata          const         0x43a8    0x18  test_integration.o [1]
  .rodata          const         0x43c0    0x14  main.o [1]
  .rodata          const         0x43d4    0x14  main.o [1]
  .rodata          const         0x43e8    0x14  main.o [1]
  .rodata          const         0x43fc    0x14  main.o [1]
  .rodata          const         0x4410    0x14  main.o [1]
  .rodata          const         0x4424    0x14  main.o [1]
  .rodata          const         0x4438    0x14  main.o [1]
  .rodata          const         0x444c    0x14  main.o [1]
  .rodata          const         0x4460    0x14  main.o [1]
  .rodata          const         0x4474    0x14  main.o [1]
  .rodata          const         0x4488    0x14  main.o [1]
  .rodata          const         0x449c    0x14  main.o [1]
  .rodata          const         0x44b0    0x14  main.o [1]
  .rodata          const         0x44c4    0x14  main.o [1]
  .rodata          const         0x44d8    0x14  main.o [1]
  .rodata          const         0x44ec    0x14  main.o [1]
  .rodata          const         0x4500    0x14  main.o [1]
  .rodata          const         0x4514    0x14  main.o [1]
  .rodata          const         0x4528    0x14  test_integration.o [1]
  .rodata          const         0x453c    0x14  test_integration.o [1]
  .rodata          const         0x4550    0x14  test_integration.o [1]
  .rodata          const         0x4564    0x14  test_integration.o [1]
  .rodata          const         0x4578    0x10  keypad.o [1]
  .rodata          const         0x4588    0x10  main.o [1]
  .rodata          const         0x4598    0x10  main.o [1]
  .rodata          const         0x45a8    0x10  main.o [1]
  .rodata          const         0x45b8    0x10  main.o [1]
  .rodata          const         0x45c8    0x10  main.o [1]
  .rodata          const         0x45d8    0x10  main.o [1]
  .rodata          const         0x45e8    0x10  main.o [1]
  .rodata          const         0x45f8    0x10  main.o [1]
  .rodata          const         0x4608    0x10  main.o [1]
  .rodata          const         0x4618    0x10  main.o [1]
  .rodata          const         0x4628    0x10  main.o [1]
  .rodata          const         0x4638    0x10  main.o [1]
  .rodata          const         0x4648    0x10  main.o [1]
  .rodata          const         0x4658    0x10  main.o [1]
  .rodata          const         0x4668    0x10  main.o [1]
  .rodata          const         0x4678    0x10  main.o [1]
  .rodata          const         0x4688    0x10  main.o [1]
  .rodata          const         0x4698    0x10  main.o [1]
  .rodata          const         0x46a8    0x10  main.o [1]
  .rodata          const         0x46b8    0x10  main.o [1]
  .rodata          const         0x46c8    0x10  main.o [1]
  .rodata          const         0x46d8    0x10  main.o [1]
  .rodata          const         0x46e8    0x10  main.o [1]
  .rodata          const         0x46f8    0x10  main.o [1]
  .rodata          const         0x4708    0x10  main.o [1]
  .rodata          const         0x4718    0x10  main.o [1]
  .rodata          const         0x4728    0x10  main.o [1]
  .rodata          const         0x4738    0x10  test_integration.o [1]
  .rodata          const         0x4748    0x10  test_integration.o [1]
  .rodata          const         0x4758    0x10  test_integration.o [1]
  .rodata          const         0x4768    0x10  test_integration.o [1]
  .rodata          const         0x4778    0x10  test_integration.o [1]
  .rodata          const         0x4788    0x10  test_integration.o [1]
  .rodata          const         0x4798    0x10  test_integration.o [1]
  .rodata          const         0x47a8    0x10  test_integration.o [1]
  .rodata          const         0x47b8    0x10  test_integration.o [1]
  .rodata          const         0x47c8    0x10  test_integration.o [1]
  .rodata          const         0x47d8     0xc  main.o [1]
  .rodata          const         0x47e4     0xc  main.o [1]
  .rodata          const         0x47f0     0xc  main.o [1]
  .rodata          const         0x47fc     0xc  main.o [1]
  .rodata          const         0x4808     0xc  main.o [1]
  .rodata          const         0x4814     0xc  main.o [1]
  .rodata          const         0x4820     0xc  main.o [1]
  .rodata          const         0x482c     0xc  main.o [1]
  .rodata          const         0x4838     0xc  main.o [1]
  .rodata          const         0x4844     0xc  main.o [1]
  .rodata          const         0x4850     0xc  main.o [1]
  .rodata          const         0x485c     0xc  main.o [1]
  .rodata          const         0x4868     0xc  test_integration.o [1]
  .rodata          const         0x4874     0xc  test_integration.o [1]
  .rodata          const         0x4880     0xc  test_integration.o [1]
  .rodata          const         0x488c     0xc  test_integration.o [1]
  .rodata          const         0x4898     0xc  test_integration.o [1]
  .rodata          const         0x48a4     0xc  test_integration.o [1]
  .rodata          const         0x48b0     0xc  test_integration.o [1]
  .rodata          const         0x48bc     0xc  test_integration.o [1]
  .rodata          const         0x48c8     0x8  main.o [1]
  .rodata          const         0x48d0     0x8  main.o [1]
  .rodata          const         0x48d8     0x8  main.o [1]
  .rodata          const         0x48e0     0x8  main.o [1]
  .rodata          const         0x48e8     0x8  main.o [1]
  .rodata          const         0x48f0     0x8  main.o [1]
  .rodata          const         0x48f8     0x8  main.o [1]
  .rodata          const         0x4900     0x8  main.o [1]
  .rodata          const         0x4908     0x8  test_integration.o [1]
  .rodata          const         0x4910     0x8  test_integration.o [1]
  .rodata          const         0x4918     0x8  test_integration.o [1]
  .rodata          const         0x4920     0x8  test_integration.o [1]
  .rodata          const         0x4928     0x8  test_integration.o [1]
  .rodata          const         0x4930     0x8  test_integration.o [1]
  .rodata          const         0x4938     0x8  test_integration.o [1]
  .rodata          const         0x4940     0x8  test_integration.o [1]
  .rodata          const         0x4948     0x8  test_integration.o [1]
  .rodata          const         0x4950     0x8  test_integration.o [1]
  .rodata          const         0x4958     0x8  test_integration.o [1]
  .rodata          const         0x4960     0x8  test_integration.o [1]
  .rodata          const         0x4968     0x8  test_integration.o [1]
  .rodata          const         0x4970     0x8  test_integration.o [1]
  .rodata          const         0x4978     0x0  zero_init3.o [4]
                               - 0x4978  0x470c

"P2", part 1 of 2:                         0x18
  .bss             zero     0x2000'0000    0x14  main.o [1]
  .bss             zero     0x2000'0014     0x4  xfail_s.o [2]
                          - 0x2000'0018    0x18

"P2", part 2 of 2:                        0x200
  .noinit          uninit   0x2000'0018   0x200  startup_ewarm.o [1]
                          - 0x2000'0218   0x200

Unused ranges:

         From           To      Size
         ----           --      ----
       0x4978     0x3'ffff  0x3'b688
  0x2000'0218  0x2000'7fff    0x7de8


*******************************************************************************
*** INIT TABLE
***

          Address      Size
          -------      ----
Zero (__iar_zero_init3)
    1 destination range, total size 0x18:
          0x2000'0000  0x18



*******************************************************************************
*** MODULE SUMMARY
***

    Module                 ro code  ro data  rw data
    ------                 -------  -------  -------
command line/config:
    ------------------------------------------------
    Total:

D:\University\7th Semester Senior 1\Introduction to Enbedded Systems\Project\adeem\HMI\Debug\Obj: [1]
    adc.o                      256
    dio.o                    1'084
    keypad.o                   204       16
    lcd.o                      488
    main.o                   4'908    1'000       20
    startup_ewarm.o             30      620      512
    systick.o                   28
    test_integration.o       1'380      900
    uart.o                     292
    ------------------------------------------------
    Total:                   8'670    2'536      532

dl7M_tln.a: [2]
    abort.o                      6
    exit.o                       4
    low_level_init.o             4
    sprintf.o                   64
    strstr.o                    44
    xfail_s.o                   64                 4
    xprintffull_nomb.o       3'862
    xsprout.o                   10
    ------------------------------------------------
    Total:                   4'058                 4

m7M_tls.a: [3]
    DblAddSub.o                590
    DblCmpGe.o                  52
    DblCmpLe.o                  52
    DblDiv.o                   582
    DblMul.o                   426
    DblToS32.o                  54
    DblToU32.o                  34
    S32ToDbl.o                  34
    U32ToDbl.o                  28
    fpinit_M.o                  34
    frexp.o                    112
    ldexp.o                    314
    ------------------------------------------------
    Total:                   2'312

rt7M_tl.a: [4]
    ABImemclr.o                  6
    ABImemcpy_unaligned.o      118
    ABImemset.o                102
    I64DivMod.o                560
    I64DivZer.o                  2
    cexit.o                     10
    cmain.o                     30
    cstartup_M.o                28
    data_init.o                 40
    memchr.o                    88
    strchr.o                    22
    strcmp.o                    18
    strcpy.o                    24
    strlen.o                    54
    zero_init3.o                56
    ------------------------------------------------
    Total:                   1'158

shb_l.a: [5]
    exit.o                      20
    ------------------------------------------------
    Total:                      20

    Gaps                        34        4
    Linker created                       16
----------------------------------------------------
    Grand Total:            16'252    2'556      536


*******************************************************************************
*** ENTRY LIST
***

Entry                       Address    Size  Type      Object
-----                       -------    ----  ----      ------
.iar.init_table$$Base        0x41d4           --   Gb  - Linker created -
.iar.init_table$$Limit       0x41e4           --   Gb  - Linker created -
?main                        0x42c1          Code  Gb  cmain.o [4]
ADC_Pot_Init                 0x19f9    0x9a  Code  Gb  adc.o [1]
ADC_ReadValue                0x1a93    0x20  Code  Gb  adc.o [1]
DIO_Init                     0x1af9   0x2a0  Code  Gb  dio.o [1]
DIO_TogglePin                0x1e45    0x4e  Code  Gb  dio.o [1]
DIO_WritePin                 0x1d99    0xac  Code  Gb  dio.o [1]
Debug_Log                    0x201d    0x1e  Code  Gb  test_integration.o [1]
Debug_UART0_Init             0x1f69    0xb4  Code  Gb  test_integration.o [1]
FaultISR                     0x429f     0x2  Code  Lc  startup_ewarm.o [1]
IntDefaultHandler            0x42a1     0x2  Code  Lc  startup_ewarm.o [1]
KEYS                         0x4578    0x10  Data  Gb  keypad.o [1]
Keypad_GetKey                0x1977    0x5c  Code  Gb  keypad.o [1]
Keypad_Init                  0x192d    0x4a  Code  Gb  keypad.o [1]
LCD_Char                     0x1795    0x84  Code  Gb  lcd.o [1]
LCD_Clear                    0x1843    0x10  Code  Gb  lcd.o [1]
LCD_Command                  0x1711    0x84  Code  Gb  lcd.o [1]
LCD_Init                     0x16bd    0x54  Code  Gb  lcd.o [1]
LCD_SetCursor                0x1853    0x22  Code  Gb  lcd.o [1]
LCD_String                   0x182d    0x16  Code  Gb  lcd.o [1]
Log_Result                   0x203b    0x2a  Code  Gb  test_integration.o [1]
NmiSR                        0x429d     0x2  Code  Lc  startup_ewarm.o [1]
ReceiveResponseFromControl
                              0x293    0x6a  Code  Gb  main.o [1]
ReceiveResponseFromControl::response
                        0x2000'0000    0x14  Data  Lc  main.o [1]
Region$$Table$$Base          0x41d4           --   Gb  - Linker created -
Region$$Table$$Limit         0x41e4           --   Gb  - Linker created -
ResetISR                     0x4285    0x14  Code  Gb  startup_ewarm.o [1]
Run_Integration_Tests        0x231d    0xa8  Code  Gb  test_integration.o [1]
SendPasswordToControl         0x26d    0x26  Code  Gb  main.o [1]
SystickHandler               0x432d    0x1c  Code  Gb  systick.o [1]
Test_Access_Denied           0x2187    0x50  Code  Gb  test_integration.o [1]
Test_Door_Open               0x2125    0x62  Code  Gb  test_integration.o [1]
Test_Initial_Setup           0x20d5    0x50  Code  Gb  test_integration.o [1]
Test_LCD_Screen              0x22d9    0x44  Code  Gb  test_integration.o [1]
Test_Lockout_Sequence        0x21d7    0x64  Code  Gb  test_integration.o [1]
Test_Receive                 0x2065    0x70  Code  Gb  test_integration.o [1]
Test_Timeout_Setting         0x2241    0x94  Code  Gb  test_integration.o [1]
UART2_Init                   0x1599    0x82  Code  Gb  uart.o [1]
UART2_ReceiveCharTimeout
                             0x1649    0x34  Code  Gb  uart.o [1]
UART2_SendChar               0x161b    0x12  Code  Gb  uart.o [1]
UART2_SendString             0x162d    0x1c  Code  Gb  uart.o [1]
_LitobFullNoMb               0x3255   0x10c  Code  Lc  xprintffull_nomb.o [2]
_PrintfFullNoMb              0x2539   0xcec  Code  Gb  xprintffull_nomb.o [2]
_PutcharFullNoMb             0x33b9    0x20  Code  Lc  xprintffull_nomb.o [2]
_PutcharsFullNoMb            0x33d9    0x2e  Code  Lc  xprintffull_nomb.o [2]
_SProut                      0x190b     0xa  Code  Gb  xsprout.o [2]
__aeabi_cdcmple              0x3609          Code  Gb  DblCmpLe.o [3]
__aeabi_cdrcmple             0x363d          Code  Gb  DblCmpGe.o [3]
__aeabi_d2iz                 0x37ad          Code  Gb  DblToS32.o [3]
__aeabi_d2uiz                0x3ca1          Code  Gb  DblToU32.o [3]
__aeabi_ddiv                 0x3a59          Code  Gb  DblDiv.o [3]
__aeabi_dmul                 0x3ce1          Code  Gb  DblMul.o [3]
__aeabi_dsub                 0x3975          Code  Gb  DblAddSub.o [3]
__aeabi_i2d                  0x37e5          Code  Gb  S32ToDbl.o [3]
__aeabi_ldiv0                0x40c5          Code  Gb  I64DivZer.o [4]
__aeabi_memclr               0x1f35          Code  Gb  ABImemclr.o [4]
__aeabi_memset               0x18a5          Code  Gb  ABImemset.o [4]
__aeabi_ui2d                 0x3cc5          Code  Gb  U32ToDbl.o [3]
__aeabi_uldivmod             0x3e8d          Code  Gb  I64DivMod.o [4]
__cmain                      0x42c1          Code  Gb  cmain.o [4]
__exit                       0x40c9    0x14  Code  Gb  exit.o [5]
__iar_Fail_s                 0x3451    0x1c  Code  Gb  xfail_s.o [2]
__iar_Memchr                 0x34c9          Code  Gb  memchr.o [4]
__iar_Memset                 0x18a5          Code  Gb  ABImemset.o [4]
__iar_Memset_word            0x18ad          Code  Gb  ABImemset.o [4]
__iar_Strchr                 0x2521          Code  Gb  strchr.o [4]
__iar_data_init3             0x4141    0x28  Code  Gb  data_init.o [4]
__iar_frexp                  0x35a5          Code  Gb  frexp.o [3]
__iar_frexpl                 0x35a5          Code  Gb  frexp.o [3]
__iar_init_vfp               0x41b1          Code  Gb  fpinit_M.o [3]
__iar_ldexp64                0x3671          Code  Gb  ldexp.o [3]
__iar_program_start          0x42a5          Code  Gb  cstartup_M.o [4]
__iar_scalbln64              0x3671          Code  Gb  ldexp.o [3]
__iar_scalbn64               0x3671          Code  Gb  ldexp.o [3]
__iar_softfp___iar_frexp64
                             0x3599          Code  Gb  frexp.o [3]
__iar_softfp_frexp           0x3599          Code  Gb  frexp.o [3]
__iar_softfp_frexpl          0x3599          Code  Gb  frexp.o [3]
__iar_unaligned_memcpy       0x3521          Code  Gb  ABImemcpy_unaligned.o [4]
__iar_unaligned_memcpy4
                             0x3541          Code  Gb  ABImemcpy_unaligned.o [4]
__iar_unaligned_memcpy8
                             0x3541          Code  Gb  ABImemcpy_unaligned.o [4]
__iar_zero_init3             0x40dd    0x38  Code  Gb  zero_init3.o [4]
__low_level_init             0x42df     0x4  Code  Gb  low_level_init.o [2]
__vector_table                  0x0   0x26c  Data  Gb  startup_ewarm.o [1]
_call_main                   0x42cd          Code  Gb  cmain.o [4]
_exit                        0x42e9          Code  Gb  cexit.o [4]
abort                        0x40bd     0x6  Code  Gb  abort.o [2]
delayMs                      0x1875    0x1a  Code  Gb  lcd.o [1]
delayUs                      0x188f    0x16  Code  Gb  lcd.o [1]
exit                         0x42e3     0x4  Code  Gb  exit.o [2]
ldexp                        0x3671          Code  Gb  ldexp.o [3]
ldexpl                       0x3671          Code  Gb  ldexp.o [3]
main                          0x309  0x11d4  Code  Gb  main.o [1]
memchr                       0x34c9          Code  Gb  memchr.o [4]
pui32Stack              0x2000'0018   0x200  Data  Lc  startup_ewarm.o [1]
scalbln                      0x3671          Code  Gb  ldexp.o [3]
scalblnl                     0x3671          Code  Gb  ldexp.o [3]
scalbn                       0x3671          Code  Gb  ldexp.o [3]
scalbnl                      0x3671          Code  Gb  ldexp.o [3]
scale                        0x3361    0x46  Code  Lc  xprintffull_nomb.o [2]
sec_hand                0x2000'0014     0x4  Data  Lc  xfail_s.o [2]
sprintf                      0x24cd    0x40  Code  Gb  sprintf.o [2]
strchr                       0x2521          Code  Gb  strchr.o [4]
strcmp                       0x250d          Code  Gb  strcmp.o [4]
strcpy                       0x1915          Code  Gb  strcpy.o [4]
strlen                       0x3491          Code  Gb  strlen.o [4]
strstr                       0x1f3b    0x2c  Code  Gb  strstr.o [2]


[1] = D:\University\7th Semester Senior 1\Introduction to Enbedded Systems\Project\adeem\HMI\Debug\Obj
[2] = dl7M_tln.a
[3] = m7M_tls.a
[4] = rt7M_tl.a
[5] = shb_l.a

  16'252 bytes of readonly  code memory
   2'556 bytes of readonly  data memory
     536 bytes of readwrite data memory

Errors: none
Warnings: none
