###############################################################################
#
# IAR ELF Linker V9.10.1.308/W64 for ARM                  20/Dec/2025  03:53:26
# Copyright 2007-2021 IAR Systems AB.
#
#    Output file  =
#        D:\University\7th Semester Senior 1\Introduction to Enbedded
#        Systems\Project\adeem\HMI\Debug\Exe\HMI.out
#    Map file     =
#        D:\University\7th Semester Senior 1\Introduction to Enbedded
#        Systems\Project\adeem\HMI\Debug\List\HMI.map
#    Command line =
#        -f "D:\University\7th Semester Senior 1\Introduction to Enbedded
#        Systems\Project\adeem\HMI\Debug\Exe\HMI.out.rsp" ("D:\University\7th
#        Semester Senior 1\Introduction to Enbedded
#        Systems\Project\adeem\HMI\Debug\Obj\adc.o" "D:\University\7th Semester
#        Senior 1\Introduction to Enbedded
#        Systems\Project\adeem\HMI\Debug\Obj\dio.o" "D:\University\7th Semester
#        Senior 1\Introduction to Enbedded
#        Systems\Project\adeem\HMI\Debug\Obj\keypad.o" "D:\University\7th
#        Semester Senior 1\Introduction to Enbedded
#        Systems\Project\adeem\HMI\Debug\Obj\lcd.o" "D:\University\7th Semester
#        Senior 1\Introduction to Enbedded
#        Systems\Project\adeem\HMI\Debug\Obj\main.o" "D:\University\7th
#        Semester Senior 1\Introduction to Enbedded
#        Systems\Project\adeem\HMI\Debug\Obj\startup_ewarm.o"
#        "D:\University\7th Semester Senior 1\Introduction to Enbedded
#        Systems\Project\adeem\HMI\Debug\Obj\systick.o" "D:\University\7th
#        Semester Senior 1\Introduction to Enbedded
#        Systems\Project\adeem\HMI\Debug\Obj\uart.o" --no_out_extension -o
#        "D:\University\7th Semester Senior 1\Introduction to Enbedded
#        Systems\Project\adeem\HMI\Debug\Exe\HMI.out" --redirect
#        _Printf=_PrintfFullNoMb --redirect _Scanf=_ScanfFullNoMb --map
#        "D:\University\7th Semester Senior 1\Introduction to Enbedded
#        Systems\Project\adeem\HMI\Debug\List\HMI.map" --config "C:\Program
#        Files\IAR Systems\Embedded Workbench
#        9.0\arm\config\linker\TexasInstruments\TM4C123GH6.icf" --semihosting
#        D:\Programs\ti\driverlib\ewarm\Exe\driverlib.a --entry
#        __iar_program_start --vfe --text_out locale)
#
###############################################################################

*******************************************************************************
*** RUNTIME MODEL ATTRIBUTES
***

CppFlavor       = *
__SystemLibrary = DLib
__dlib_version  = 6


*******************************************************************************
*** HEAP SELECTION
***

The basic heap was selected because no calls to memory allocation
functions were found in the application outside of system library
functions, and there are calls to deallocation functions in the
application.


*******************************************************************************
*** PLACEMENT SUMMARY
***

"A0":  place at address 0x0 { ro section .intvec };
"P1":  place in [from 0x0 to 0x3'ffff] { ro };
define block CSTACK with size = 4K, alignment = 8 { };
define block HEAP with size = 8K, alignment = 8 { };
"P2":  place in [from 0x2000'0000 to 0x2000'7fff] {
          rw, block CSTACK, block HEAP };
do not initialize { rw section .noinit };

  Section          Kind         Address    Size  Object
  -------          ----         -------    ----  ------
"A0":                                     0x26c
  .intvec          const            0x0   0x26c  startup_ewarm.o [1]
                                - 0x26c   0x26c

"P1":                                    0x377c
  .text            ro code        0x26c   0xf16  xprintffull_nomb.o [2]
  .text            ro code       0x1182     0xa  xsprout.o [2]
  .text            ro code       0x118c    0x16  strchr.o [4]
  .text            ro code       0x11a4    0x40  xfail_s.o [2]
  .text            ro code       0x11e4    0x36  strlen.o [4]
  .text            ro code       0x121c    0x58  memchr.o [4]
  .text            ro code       0x1274    0x76  ABImemcpy_unaligned.o [4]
  .text            ro code       0x12ec    0x70  frexp.o [3]
  .text            ro code       0x135c    0x34  DblCmpLe.o [3]
  .text            ro code       0x1390    0x34  DblCmpGe.o [3]
  .text            ro code       0x13c4   0x13a  ldexp.o [3]
  .text            ro code       0x1500    0x36  DblToS32.o [3]
  .text            ro code       0x1538    0x22  S32ToDbl.o [3]
  .text            ro code       0x155c   0x24e  DblAddSub.o [3]
  .text            ro code       0x17ac   0x246  DblDiv.o [3]
  .text            ro code       0x19f4    0x22  DblToU32.o [3]
  .text            ro code       0x1a18    0x1c  U32ToDbl.o [3]
  .text            ro code       0x1a34   0x1aa  DblMul.o [3]
  .text            ro code       0x1be0   0x230  I64DivMod.o [4]
  .text            ro code       0x1e10     0x6  abort.o [2]
  .text            ro code       0x1e18     0x2  I64DivZer.o [4]
  .text            ro code       0x1e1c    0x14  exit.o [5]
  .text            ro code       0x1e30   0xd60  main.o [1]
  .text            ro code       0x2b90   0x124  uart.o [1]
  .text            ro code       0x2cb4   0x1e8  lcd.o [1]
  .text            ro code       0x2e9c    0x66  ABImemset.o [4]
  .text            ro code       0x2f04    0x18  strcpy.o [4]
  .text            ro code       0x2f1c    0xcc  keypad.o [1]
  .text            ro code       0x2fe8   0x100  adc.o [1]
  .text            ro code       0x30e8   0x43c  dio.o [1]
  .text            ro code       0x3524     0x6  ABImemclr.o [4]
  .text            ro code       0x352a    0x2c  strstr.o [2]
  .text            ro code       0x3558    0x40  sprintf.o [2]
  .text            ro code       0x3598    0x12  strcmp.o [4]
  .text            ro code       0x35aa    0x38  zero_init3.o [4]
  .text            ro code       0x35e4    0x28  data_init.o [4]
  .text            ro code       0x360c    0x22  fpinit_M.o [3]
  .iar.init_table  const         0x3630    0x10  - Linker created -
  .text            ro code       0x3640    0x1e  startup_ewarm.o [1]
  .text            ro code       0x3660    0x1c  cstartup_M.o [4]
  .text            ro code       0x367c    0x1e  cmain.o [4]
  .text            ro code       0x369a     0x4  low_level_init.o [2]
  .text            ro code       0x369e     0x4  exit.o [2]
  .text            ro code       0x36a4     0xa  cexit.o [4]
  .text            ro code       0x36b0    0x1c  systick.o [1]
  .rodata          const         0x36cc    0x14  main.o [1]
  .rodata          const         0x36e0    0x14  main.o [1]
  .rodata          const         0x36f4    0x14  main.o [1]
  .rodata          const         0x3708    0x14  main.o [1]
  .rodata          const         0x371c    0x14  main.o [1]
  .rodata          const         0x3730    0x14  main.o [1]
  .rodata          const         0x3744    0x14  main.o [1]
  .rodata          const         0x3758    0x14  main.o [1]
  .rodata          const         0x376c    0x14  main.o [1]
  .rodata          const         0x3780    0x14  main.o [1]
  .rodata          const         0x3794    0x14  main.o [1]
  .rodata          const         0x37a8    0x14  main.o [1]
  .rodata          const         0x37bc    0x14  main.o [1]
  .rodata          const         0x37d0    0x14  main.o [1]
  .rodata          const         0x37e4    0x10  keypad.o [1]
  .rodata          const         0x37f4    0x10  main.o [1]
  .rodata          const         0x3804    0x10  main.o [1]
  .rodata          const         0x3814    0x10  main.o [1]
  .rodata          const         0x3824    0x10  main.o [1]
  .rodata          const         0x3834    0x10  main.o [1]
  .rodata          const         0x3844    0x10  main.o [1]
  .rodata          const         0x3854    0x10  main.o [1]
  .rodata          const         0x3864    0x10  main.o [1]
  .rodata          const         0x3874    0x10  main.o [1]
  .rodata          const         0x3884    0x10  main.o [1]
  .rodata          const         0x3894    0x10  main.o [1]
  .rodata          const         0x38a4    0x10  main.o [1]
  .rodata          const         0x38b4    0x10  main.o [1]
  .rodata          const         0x38c4    0x10  main.o [1]
  .rodata          const         0x38d4    0x10  main.o [1]
  .rodata          const         0x38e4    0x10  main.o [1]
  .rodata          const         0x38f4    0x10  main.o [1]
  .rodata          const         0x3904    0x10  main.o [1]
  .rodata          const         0x3914    0x10  main.o [1]
  .rodata          const         0x3924     0xc  main.o [1]
  .rodata          const         0x3930     0xc  main.o [1]
  .rodata          const         0x393c     0xc  main.o [1]
  .rodata          const         0x3948     0xc  main.o [1]
  .rodata          const         0x3954     0xc  main.o [1]
  .rodata          const         0x3960     0xc  main.o [1]
  .rodata          const         0x396c     0xc  main.o [1]
  .rodata          const         0x3978     0xc  main.o [1]
  .rodata          const         0x3984     0xc  main.o [1]
  .rodata          const         0x3990     0xc  main.o [1]
  .rodata          const         0x399c     0xc  main.o [1]
  .rodata          const         0x39a8     0x8  main.o [1]
  .rodata          const         0x39b0     0x8  main.o [1]
  .rodata          const         0x39b8     0x8  main.o [1]
  .rodata          const         0x39c0     0x8  main.o [1]
  .rodata          const         0x39c8     0x8  main.o [1]
  .rodata          const         0x39d0     0x8  main.o [1]
  .rodata          const         0x39d8     0x8  main.o [1]
  .rodata          const         0x39e0     0x8  main.o [1]
  .rodata          const         0x39e8     0x0  zero_init3.o [4]
                               - 0x39e8  0x377c

"P2", part 1 of 2:                         0x18
  .bss             zero     0x2000'0000    0x14  main.o [1]
  .bss             zero     0x2000'0014     0x4  xfail_s.o [2]
                          - 0x2000'0018    0x18

"P2", part 2 of 2:                        0x200
  .noinit          uninit   0x2000'0018   0x200  startup_ewarm.o [1]
                          - 0x2000'0218   0x200

Unused ranges:

         From           To      Size
         ----           --      ----
       0x39e8     0x3'ffff  0x3'c618
  0x2000'0218  0x2000'7fff    0x7de8


*******************************************************************************
*** INIT TABLE
***

          Address      Size
          -------      ----
Zero (__iar_zero_init3)
    1 destination range, total size 0x18:
          0x2000'0000  0x18



*******************************************************************************
*** MODULE SUMMARY
***

    Module                 ro code  ro data  rw data
    ------                 -------  -------  -------
command line/config:
    ------------------------------------------------
    Total:

D:\University\7th Semester Senior 1\Introduction to Enbedded Systems\Project\adeem\HMI\Debug\Obj: [1]
    adc.o                      256
    dio.o                    1'084
    keypad.o                   204       16
    lcd.o                      488
    main.o                   3'424      780       20
    startup_ewarm.o             30      620      512
    systick.o                   28
    uart.o                     292
    ------------------------------------------------
    Total:                   5'806    1'416      532

dl7M_tln.a: [2]
    abort.o                      6
    exit.o                       4
    low_level_init.o             4
    sprintf.o                   64
    strstr.o                    44
    xfail_s.o                   64                 4
    xprintffull_nomb.o       3'862
    xsprout.o                   10
    ------------------------------------------------
    Total:                   4'058                 4

m7M_tls.a: [3]
    DblAddSub.o                590
    DblCmpGe.o                  52
    DblCmpLe.o                  52
    DblDiv.o                   582
    DblMul.o                   426
    DblToS32.o                  54
    DblToU32.o                  34
    S32ToDbl.o                  34
    U32ToDbl.o                  28
    fpinit_M.o                  34
    frexp.o                    112
    ldexp.o                    314
    ------------------------------------------------
    Total:                   2'312

rt7M_tl.a: [4]
    ABImemclr.o                  6
    ABImemcpy_unaligned.o      118
    ABImemset.o                102
    I64DivMod.o                560
    I64DivZer.o                  2
    cexit.o                     10
    cmain.o                     30
    cstartup_M.o                28
    data_init.o                 40
    memchr.o                    88
    strchr.o                    22
    strcmp.o                    18
    strcpy.o                    24
    strlen.o                    54
    zero_init3.o                56
    ------------------------------------------------
    Total:                   1'158

shb_l.a: [5]
    exit.o                      20
    ------------------------------------------------
    Total:                      20

    Gaps                        36        2
    Linker created                       16
----------------------------------------------------
    Grand Total:            13'390    1'434      536


*******************************************************************************
*** ENTRY LIST
***

Entry                       Address   Size  Type      Object
-----                       -------   ----  ----      ------
.iar.init_table$$Base        0x3630          --   Gb  - Linker created -
.iar.init_table$$Limit       0x3640          --   Gb  - Linker created -
?main                        0x367d         Code  Gb  cmain.o [4]
ADC_Pot_Init                 0x2fe9   0x9a  Code  Gb  adc.o [1]
ADC_ReadValue                0x3083   0x20  Code  Gb  adc.o [1]
DIO_Init                     0x30e9  0x2a0  Code  Gb  dio.o [1]
DIO_TogglePin                0x3435   0x4e  Code  Gb  dio.o [1]
DIO_WritePin                 0x3389   0xac  Code  Gb  dio.o [1]
FaultISR                     0x365b    0x2  Code  Lc  startup_ewarm.o [1]
IntDefaultHandler            0x365d    0x2  Code  Lc  startup_ewarm.o [1]
KEYS                         0x37e4   0x10  Data  Gb  keypad.o [1]
Keypad_GetKey                0x2f67   0x5c  Code  Gb  keypad.o [1]
Keypad_Init                  0x2f1d   0x4a  Code  Gb  keypad.o [1]
LCD_Char                     0x2d8d   0x84  Code  Gb  lcd.o [1]
LCD_Clear                    0x2e3b   0x10  Code  Gb  lcd.o [1]
LCD_Command                  0x2d09   0x84  Code  Gb  lcd.o [1]
LCD_Init                     0x2cb5   0x54  Code  Gb  lcd.o [1]
LCD_SetCursor                0x2e4b   0x22  Code  Gb  lcd.o [1]
LCD_String                   0x2e25   0x16  Code  Gb  lcd.o [1]
NmiSR                        0x3659    0x2  Code  Lc  startup_ewarm.o [1]
ReceiveResponseFromControl
                             0x1e57   0x74  Code  Gb  main.o [1]
ReceiveResponseFromControl::response
                        0x2000'0000   0x14  Data  Lc  main.o [1]
Region$$Table$$Base          0x3630          --   Gb  - Linker created -
Region$$Table$$Limit         0x3640          --   Gb  - Linker created -
ResetISR                     0x3641   0x14  Code  Gb  startup_ewarm.o [1]
SendPasswordToControl        0x1e31   0x26  Code  Gb  main.o [1]
SystickHandler               0x36b1   0x1c  Code  Gb  systick.o [1]
UART2_Init                   0x2b91   0x82  Code  Gb  uart.o [1]
UART2_ReceiveCharTimeout
                             0x2c41   0x34  Code  Gb  uart.o [1]
UART2_SendChar               0x2c13   0x12  Code  Gb  uart.o [1]
UART2_SendString             0x2c25   0x1c  Code  Gb  uart.o [1]
_LitobFullNoMb                0xf89  0x10c  Code  Lc  xprintffull_nomb.o [2]
_PrintfFullNoMb               0x26d  0xcec  Code  Gb  xprintffull_nomb.o [2]
_PutcharFullNoMb             0x10ed   0x20  Code  Lc  xprintffull_nomb.o [2]
_PutcharsFullNoMb            0x110d   0x2e  Code  Lc  xprintffull_nomb.o [2]
_SProut                      0x1183    0xa  Code  Gb  xsprout.o [2]
__aeabi_cdcmple              0x135d         Code  Gb  DblCmpLe.o [3]
__aeabi_cdrcmple             0x1391         Code  Gb  DblCmpGe.o [3]
__aeabi_d2iz                 0x1501         Code  Gb  DblToS32.o [3]
__aeabi_d2uiz                0x19f5         Code  Gb  DblToU32.o [3]
__aeabi_ddiv                 0x17ad         Code  Gb  DblDiv.o [3]
__aeabi_dmul                 0x1a35         Code  Gb  DblMul.o [3]
__aeabi_dsub                 0x16c9         Code  Gb  DblAddSub.o [3]
__aeabi_i2d                  0x1539         Code  Gb  S32ToDbl.o [3]
__aeabi_ldiv0                0x1e19         Code  Gb  I64DivZer.o [4]
__aeabi_memclr               0x3525         Code  Gb  ABImemclr.o [4]
__aeabi_memset               0x2e9d         Code  Gb  ABImemset.o [4]
__aeabi_ui2d                 0x1a19         Code  Gb  U32ToDbl.o [3]
__aeabi_uldivmod             0x1be1         Code  Gb  I64DivMod.o [4]
__cmain                      0x367d         Code  Gb  cmain.o [4]
__exit                       0x1e1d   0x14  Code  Gb  exit.o [5]
__iar_Fail_s                 0x11a5   0x1c  Code  Gb  xfail_s.o [2]
__iar_Memchr                 0x121d         Code  Gb  memchr.o [4]
__iar_Memset                 0x2e9d         Code  Gb  ABImemset.o [4]
__iar_Memset_word            0x2ea5         Code  Gb  ABImemset.o [4]
__iar_Strchr                 0x118d         Code  Gb  strchr.o [4]
__iar_data_init3             0x35e5   0x28  Code  Gb  data_init.o [4]
__iar_frexp                  0x12f9         Code  Gb  frexp.o [3]
__iar_frexpl                 0x12f9         Code  Gb  frexp.o [3]
__iar_init_vfp               0x360d         Code  Gb  fpinit_M.o [3]
__iar_ldexp64                0x13c5         Code  Gb  ldexp.o [3]
__iar_program_start          0x3661         Code  Gb  cstartup_M.o [4]
__iar_scalbln64              0x13c5         Code  Gb  ldexp.o [3]
__iar_scalbn64               0x13c5         Code  Gb  ldexp.o [3]
__iar_softfp___iar_frexp64
                             0x12ed         Code  Gb  frexp.o [3]
__iar_softfp_frexp           0x12ed         Code  Gb  frexp.o [3]
__iar_softfp_frexpl          0x12ed         Code  Gb  frexp.o [3]
__iar_unaligned_memcpy       0x1275         Code  Gb  ABImemcpy_unaligned.o [4]
__iar_unaligned_memcpy4
                             0x1295         Code  Gb  ABImemcpy_unaligned.o [4]
__iar_unaligned_memcpy8
                             0x1295         Code  Gb  ABImemcpy_unaligned.o [4]
__iar_zero_init3             0x35ab   0x38  Code  Gb  zero_init3.o [4]
__low_level_init             0x369b    0x4  Code  Gb  low_level_init.o [2]
__vector_table                  0x0  0x26c  Data  Gb  startup_ewarm.o [1]
_call_main                   0x3689         Code  Gb  cmain.o [4]
_exit                        0x36a5         Code  Gb  cexit.o [4]
abort                        0x1e11    0x6  Code  Gb  abort.o [2]
delayMs                      0x2e6d   0x1a  Code  Gb  lcd.o [1]
delayUs                      0x2e87   0x16  Code  Gb  lcd.o [1]
exit                         0x369f    0x4  Code  Gb  exit.o [2]
ldexp                        0x13c5         Code  Gb  ldexp.o [3]
ldexpl                       0x13c5         Code  Gb  ldexp.o [3]
main                         0x1ed1  0xbec  Code  Gb  main.o [1]
memchr                       0x121d         Code  Gb  memchr.o [4]
pui32Stack              0x2000'0018  0x200  Data  Lc  startup_ewarm.o [1]
scalbln                      0x13c5         Code  Gb  ldexp.o [3]
scalblnl                     0x13c5         Code  Gb  ldexp.o [3]
scalbn                       0x13c5         Code  Gb  ldexp.o [3]
scalbnl                      0x13c5         Code  Gb  ldexp.o [3]
scale                        0x1095   0x46  Code  Lc  xprintffull_nomb.o [2]
sec_hand                0x2000'0014    0x4  Data  Lc  xfail_s.o [2]
sprintf                      0x3559   0x40  Code  Gb  sprintf.o [2]
strchr                       0x118d         Code  Gb  strchr.o [4]
strcmp                       0x3599         Code  Gb  strcmp.o [4]
strcpy                       0x2f05         Code  Gb  strcpy.o [4]
strlen                       0x11e5         Code  Gb  strlen.o [4]
strstr                       0x352b   0x2c  Code  Gb  strstr.o [2]


[1] = D:\University\7th Semester Senior 1\Introduction to Enbedded Systems\Project\adeem\HMI\Debug\Obj
[2] = dl7M_tln.a
[3] = m7M_tls.a
[4] = rt7M_tl.a
[5] = shb_l.a

  13'390 bytes of readonly  code memory
   1'434 bytes of readonly  data memory
     536 bytes of readwrite data memory

Errors: none
Warnings: none
