###############################################################################
#
# IAR ELF Linker V9.10.1.308/W64 for ARM                  21/Dec/2025  13:17:53
# Copyright 2007-2021 IAR Systems AB.
#
#    Output file  =
#        D:\University\7th Semester Senior 1\Introduction to Enbedded
#        Systems\Project\adeem\HMI\Debug\Exe\HMI.out
#    Map file     =
#        D:\University\7th Semester Senior 1\Introduction to Enbedded
#        Systems\Project\adeem\HMI\Debug\List\HMI.map
#    Command line =
#        -f "D:\University\7th Semester Senior 1\Introduction to Enbedded
#        Systems\Project\adeem\HMI\Debug\Exe\HMI.out.rsp" ("D:\University\7th
#        Semester Senior 1\Introduction to Enbedded
#        Systems\Project\adeem\HMI\Debug\Obj\adc.o" "D:\University\7th Semester
#        Senior 1\Introduction to Enbedded
#        Systems\Project\adeem\HMI\Debug\Obj\dio.o" "D:\University\7th Semester
#        Senior 1\Introduction to Enbedded
#        Systems\Project\adeem\HMI\Debug\Obj\keypad.o" "D:\University\7th
#        Semester Senior 1\Introduction to Enbedded
#        Systems\Project\adeem\HMI\Debug\Obj\lcd.o" "D:\University\7th Semester
#        Senior 1\Introduction to Enbedded
#        Systems\Project\adeem\HMI\Debug\Obj\main.o" "D:\University\7th
#        Semester Senior 1\Introduction to Enbedded
#        Systems\Project\adeem\HMI\Debug\Obj\startup_ewarm.o"
#        "D:\University\7th Semester Senior 1\Introduction to Enbedded
#        Systems\Project\adeem\HMI\Debug\Obj\systick.o" "D:\University\7th
#        Semester Senior 1\Introduction to Enbedded
#        Systems\Project\adeem\HMI\Debug\Obj\uart.o" --no_out_extension -o
#        "D:\University\7th Semester Senior 1\Introduction to Enbedded
#        Systems\Project\adeem\HMI\Debug\Exe\HMI.out" --redirect
#        _Printf=_PrintfFullNoMb --redirect _Scanf=_ScanfFullNoMb --map
#        "D:\University\7th Semester Senior 1\Introduction to Enbedded
#        Systems\Project\adeem\HMI\Debug\List\HMI.map" --config "C:\Program
#        Files\IAR Systems\Embedded Workbench
#        9.0\arm\config\linker\TexasInstruments\TM4C123GH6.icf" --semihosting
#        D:\Programs\ti\driverlib\ewarm\Exe\driverlib.a --entry
#        __iar_program_start --vfe --text_out locale)
#
###############################################################################

*******************************************************************************
*** RUNTIME MODEL ATTRIBUTES
***

CppFlavor       = *
__SystemLibrary = DLib
__dlib_version  = 6


*******************************************************************************
*** HEAP SELECTION
***

The basic heap was selected because no calls to memory allocation
functions were found in the application outside of system library
functions, and there are calls to deallocation functions in the
application.


*******************************************************************************
*** PLACEMENT SUMMARY
***

"A0":  place at address 0x0 { ro section .intvec };
"P1":  place in [from 0x0 to 0x3'ffff] { ro };
define block CSTACK with size = 4K, alignment = 8 { };
define block HEAP with size = 8K, alignment = 8 { };
"P2":  place in [from 0x2000'0000 to 0x2000'7fff] {
          rw, block CSTACK, block HEAP };
do not initialize { rw section .noinit };

  Section          Kind         Address    Size  Object
  -------          ----         -------    ----  ------
"A0":                                     0x26c
  .intvec          const            0x0   0x26c  startup_ewarm.o [1]
                                - 0x26c   0x26c

"P1":                                    0x3e20
  .text            ro code        0x26c  0x1328  main.o [1]
  .text            ro code       0x1594   0x124  uart.o [1]
  .text            ro code       0x16b8   0x1e8  lcd.o [1]
  .text            ro code       0x18a0    0x66  ABImemset.o [4]
  .text            ro code       0x1906     0xa  xsprout.o [2]
  .text            ro code       0x1910    0x18  strcpy.o [4]
  .text            ro code       0x1928    0xcc  keypad.o [1]
  .text            ro code       0x19f4   0x100  adc.o [1]
  .text            ro code       0x1af4   0x43c  dio.o [1]
  .text            ro code       0x1f30     0x6  ABImemclr.o [4]
  .text            ro code       0x1f36    0x2c  strstr.o [2]
  .text            ro code       0x1f64    0x40  sprintf.o [2]
  .text            ro code       0x1fa4    0x12  strcmp.o [4]
  .text            ro code       0x1fb8    0x16  strchr.o [4]
  .text            ro code       0x1fd0   0xf16  xprintffull_nomb.o [2]
  .text            ro code       0x2ee8    0x40  xfail_s.o [2]
  .text            ro code       0x2f28    0x36  strlen.o [4]
  .text            ro code       0x2f60    0x58  memchr.o [4]
  .text            ro code       0x2fb8    0x76  ABImemcpy_unaligned.o [4]
  .text            ro code       0x3030    0x70  frexp.o [3]
  .text            ro code       0x30a0    0x34  DblCmpLe.o [3]
  .text            ro code       0x30d4    0x34  DblCmpGe.o [3]
  .text            ro code       0x3108   0x13a  ldexp.o [3]
  .text            ro code       0x3244    0x36  DblToS32.o [3]
  .text            ro code       0x327c    0x22  S32ToDbl.o [3]
  .text            ro code       0x32a0   0x24e  DblAddSub.o [3]
  .text            ro code       0x34f0   0x246  DblDiv.o [3]
  .text            ro code       0x3738    0x22  DblToU32.o [3]
  .text            ro code       0x375c    0x1c  U32ToDbl.o [3]
  .text            ro code       0x3778   0x1aa  DblMul.o [3]
  .text            ro code       0x3924   0x230  I64DivMod.o [4]
  .text            ro code       0x3b54     0x6  abort.o [2]
  .text            ro code       0x3b5c     0x2  I64DivZer.o [4]
  .text            ro code       0x3b60    0x14  exit.o [5]
  .text            ro code       0x3b74    0x38  zero_init3.o [4]
  .text            ro code       0x3bac    0x28  data_init.o [4]
  .text            ro code       0x3bd4    0x22  fpinit_M.o [3]
  .iar.init_table  const         0x3bf8    0x10  - Linker created -
  .text            ro code       0x3c08    0x1e  startup_ewarm.o [1]
  .text            ro code       0x3c28    0x1c  cstartup_M.o [4]
  .text            ro code       0x3c44    0x1e  cmain.o [4]
  .text            ro code       0x3c62     0x4  low_level_init.o [2]
  .text            ro code       0x3c66     0x4  exit.o [2]
  .text            ro code       0x3c6c     0xa  cexit.o [4]
  .text            ro code       0x3c78    0x1c  systick.o [1]
  .rodata          const         0x3c94    0x14  main.o [1]
  .rodata          const         0x3ca8    0x14  main.o [1]
  .rodata          const         0x3cbc    0x14  main.o [1]
  .rodata          const         0x3cd0    0x14  main.o [1]
  .rodata          const         0x3ce4    0x14  main.o [1]
  .rodata          const         0x3cf8    0x14  main.o [1]
  .rodata          const         0x3d0c    0x14  main.o [1]
  .rodata          const         0x3d20    0x14  main.o [1]
  .rodata          const         0x3d34    0x14  main.o [1]
  .rodata          const         0x3d48    0x14  main.o [1]
  .rodata          const         0x3d5c    0x14  main.o [1]
  .rodata          const         0x3d70    0x14  main.o [1]
  .rodata          const         0x3d84    0x14  main.o [1]
  .rodata          const         0x3d98    0x14  main.o [1]
  .rodata          const         0x3dac    0x14  main.o [1]
  .rodata          const         0x3dc0    0x14  main.o [1]
  .rodata          const         0x3dd4    0x14  main.o [1]
  .rodata          const         0x3de8    0x14  main.o [1]
  .rodata          const         0x3dfc    0x10  keypad.o [1]
  .rodata          const         0x3e0c    0x10  main.o [1]
  .rodata          const         0x3e1c    0x10  main.o [1]
  .rodata          const         0x3e2c    0x10  main.o [1]
  .rodata          const         0x3e3c    0x10  main.o [1]
  .rodata          const         0x3e4c    0x10  main.o [1]
  .rodata          const         0x3e5c    0x10  main.o [1]
  .rodata          const         0x3e6c    0x10  main.o [1]
  .rodata          const         0x3e7c    0x10  main.o [1]
  .rodata          const         0x3e8c    0x10  main.o [1]
  .rodata          const         0x3e9c    0x10  main.o [1]
  .rodata          const         0x3eac    0x10  main.o [1]
  .rodata          const         0x3ebc    0x10  main.o [1]
  .rodata          const         0x3ecc    0x10  main.o [1]
  .rodata          const         0x3edc    0x10  main.o [1]
  .rodata          const         0x3eec    0x10  main.o [1]
  .rodata          const         0x3efc    0x10  main.o [1]
  .rodata          const         0x3f0c    0x10  main.o [1]
  .rodata          const         0x3f1c    0x10  main.o [1]
  .rodata          const         0x3f2c    0x10  main.o [1]
  .rodata          const         0x3f3c    0x10  main.o [1]
  .rodata          const         0x3f4c    0x10  main.o [1]
  .rodata          const         0x3f5c    0x10  main.o [1]
  .rodata          const         0x3f6c    0x10  main.o [1]
  .rodata          const         0x3f7c    0x10  main.o [1]
  .rodata          const         0x3f8c    0x10  main.o [1]
  .rodata          const         0x3f9c    0x10  main.o [1]
  .rodata          const         0x3fac    0x10  main.o [1]
  .rodata          const         0x3fbc     0xc  main.o [1]
  .rodata          const         0x3fc8     0xc  main.o [1]
  .rodata          const         0x3fd4     0xc  main.o [1]
  .rodata          const         0x3fe0     0xc  main.o [1]
  .rodata          const         0x3fec     0xc  main.o [1]
  .rodata          const         0x3ff8     0xc  main.o [1]
  .rodata          const         0x4004     0xc  main.o [1]
  .rodata          const         0x4010     0xc  main.o [1]
  .rodata          const         0x401c     0xc  main.o [1]
  .rodata          const         0x4028     0xc  main.o [1]
  .rodata          const         0x4034     0xc  main.o [1]
  .rodata          const         0x4040     0xc  main.o [1]
  .rodata          const         0x404c     0x8  main.o [1]
  .rodata          const         0x4054     0x8  main.o [1]
  .rodata          const         0x405c     0x8  main.o [1]
  .rodata          const         0x4064     0x8  main.o [1]
  .rodata          const         0x406c     0x8  main.o [1]
  .rodata          const         0x4074     0x8  main.o [1]
  .rodata          const         0x407c     0x8  main.o [1]
  .rodata          const         0x4084     0x8  main.o [1]
  .rodata          const         0x408c     0x0  zero_init3.o [4]
                               - 0x408c  0x3e20

"P2", part 1 of 2:                         0x18
  .bss             zero     0x2000'0000    0x14  main.o [1]
  .bss             zero     0x2000'0014     0x4  xfail_s.o [2]
                          - 0x2000'0018    0x18

"P2", part 2 of 2:                        0x200
  .noinit          uninit   0x2000'0018   0x200  startup_ewarm.o [1]
                          - 0x2000'0218   0x200

Unused ranges:

         From           To      Size
         ----           --      ----
       0x408c     0x3'ffff  0x3'bf74
  0x2000'0218  0x2000'7fff    0x7de8


*******************************************************************************
*** INIT TABLE
***

          Address      Size
          -------      ----
Zero (__iar_zero_init3)
    1 destination range, total size 0x18:
          0x2000'0000  0x18



*******************************************************************************
*** MODULE SUMMARY
***

    Module                 ro code  ro data  rw data
    ------                 -------  -------  -------
command line/config:
    ------------------------------------------------
    Total:

D:\University\7th Semester Senior 1\Introduction to Enbedded Systems\Project\adeem\HMI\Debug\Obj: [1]
    adc.o                      256
    dio.o                    1'084
    keypad.o                   204       16
    lcd.o                      488
    main.o                   4'904    1'000       20
    startup_ewarm.o             30      620      512
    systick.o                   28
    uart.o                     292
    ------------------------------------------------
    Total:                   7'286    1'636      532

dl7M_tln.a: [2]
    abort.o                      6
    exit.o                       4
    low_level_init.o             4
    sprintf.o                   64
    strstr.o                    44
    xfail_s.o                   64                 4
    xprintffull_nomb.o       3'862
    xsprout.o                   10
    ------------------------------------------------
    Total:                   4'058                 4

m7M_tls.a: [3]
    DblAddSub.o                590
    DblCmpGe.o                  52
    DblCmpLe.o                  52
    DblDiv.o                   582
    DblMul.o                   426
    DblToS32.o                  54
    DblToU32.o                  34
    S32ToDbl.o                  34
    U32ToDbl.o                  28
    fpinit_M.o                  34
    frexp.o                    112
    ldexp.o                    314
    ------------------------------------------------
    Total:                   2'312

rt7M_tl.a: [4]
    ABImemclr.o                  6
    ABImemcpy_unaligned.o      118
    ABImemset.o                102
    I64DivMod.o                560
    I64DivZer.o                  2
    cexit.o                     10
    cmain.o                     30
    cstartup_M.o                28
    data_init.o                 40
    memchr.o                    88
    strchr.o                    22
    strcmp.o                    18
    strcpy.o                    24
    strlen.o                    54
    zero_init3.o                56
    ------------------------------------------------
    Total:                   1'158

shb_l.a: [5]
    exit.o                      20
    ------------------------------------------------
    Total:                      20

    Gaps                        36        2
    Linker created                       16
----------------------------------------------------
    Grand Total:            14'870    1'654      536


*******************************************************************************
*** ENTRY LIST
***

Entry                       Address    Size  Type      Object
-----                       -------    ----  ----      ------
.iar.init_table$$Base        0x3bf8           --   Gb  - Linker created -
.iar.init_table$$Limit       0x3c08           --   Gb  - Linker created -
?main                        0x3c45          Code  Gb  cmain.o [4]
ADC_Pot_Init                 0x19f5    0x9a  Code  Gb  adc.o [1]
ADC_ReadValue                0x1a8f    0x20  Code  Gb  adc.o [1]
DIO_Init                     0x1af5   0x2a0  Code  Gb  dio.o [1]
DIO_TogglePin                0x1e41    0x4e  Code  Gb  dio.o [1]
DIO_WritePin                 0x1d95    0xac  Code  Gb  dio.o [1]
FaultISR                     0x3c23     0x2  Code  Lc  startup_ewarm.o [1]
IntDefaultHandler            0x3c25     0x2  Code  Lc  startup_ewarm.o [1]
KEYS                         0x3dfc    0x10  Data  Gb  keypad.o [1]
Keypad_GetKey                0x1973    0x5c  Code  Gb  keypad.o [1]
Keypad_Init                  0x1929    0x4a  Code  Gb  keypad.o [1]
LCD_Char                     0x1791    0x84  Code  Gb  lcd.o [1]
LCD_Clear                    0x183f    0x10  Code  Gb  lcd.o [1]
LCD_Command                  0x170d    0x84  Code  Gb  lcd.o [1]
LCD_Init                     0x16b9    0x54  Code  Gb  lcd.o [1]
LCD_SetCursor                0x184f    0x22  Code  Gb  lcd.o [1]
LCD_String                   0x1829    0x16  Code  Gb  lcd.o [1]
NmiSR                        0x3c21     0x2  Code  Lc  startup_ewarm.o [1]
ReceiveResponseFromControl
                              0x293    0x6a  Code  Gb  main.o [1]
ReceiveResponseFromControl::response
                        0x2000'0000    0x14  Data  Lc  main.o [1]
Region$$Table$$Base          0x3bf8           --   Gb  - Linker created -
Region$$Table$$Limit         0x3c08           --   Gb  - Linker created -
ResetISR                     0x3c09    0x14  Code  Gb  startup_ewarm.o [1]
SendPasswordToControl         0x26d    0x26  Code  Gb  main.o [1]
SystickHandler               0x3c79    0x1c  Code  Gb  systick.o [1]
UART2_Init                   0x1595    0x82  Code  Gb  uart.o [1]
UART2_ReceiveCharTimeout
                             0x1645    0x34  Code  Gb  uart.o [1]
UART2_SendChar               0x1617    0x12  Code  Gb  uart.o [1]
UART2_SendString             0x1629    0x1c  Code  Gb  uart.o [1]
_LitobFullNoMb               0x2ced   0x10c  Code  Lc  xprintffull_nomb.o [2]
_PrintfFullNoMb              0x1fd1   0xcec  Code  Gb  xprintffull_nomb.o [2]
_PutcharFullNoMb             0x2e51    0x20  Code  Lc  xprintffull_nomb.o [2]
_PutcharsFullNoMb            0x2e71    0x2e  Code  Lc  xprintffull_nomb.o [2]
_SProut                      0x1907     0xa  Code  Gb  xsprout.o [2]
__aeabi_cdcmple              0x30a1          Code  Gb  DblCmpLe.o [3]
__aeabi_cdrcmple             0x30d5          Code  Gb  DblCmpGe.o [3]
__aeabi_d2iz                 0x3245          Code  Gb  DblToS32.o [3]
__aeabi_d2uiz                0x3739          Code  Gb  DblToU32.o [3]
__aeabi_ddiv                 0x34f1          Code  Gb  DblDiv.o [3]
__aeabi_dmul                 0x3779          Code  Gb  DblMul.o [3]
__aeabi_dsub                 0x340d          Code  Gb  DblAddSub.o [3]
__aeabi_i2d                  0x327d          Code  Gb  S32ToDbl.o [3]
__aeabi_ldiv0                0x3b5d          Code  Gb  I64DivZer.o [4]
__aeabi_memclr               0x1f31          Code  Gb  ABImemclr.o [4]
__aeabi_memset               0x18a1          Code  Gb  ABImemset.o [4]
__aeabi_ui2d                 0x375d          Code  Gb  U32ToDbl.o [3]
__aeabi_uldivmod             0x3925          Code  Gb  I64DivMod.o [4]
__cmain                      0x3c45          Code  Gb  cmain.o [4]
__exit                       0x3b61    0x14  Code  Gb  exit.o [5]
__iar_Fail_s                 0x2ee9    0x1c  Code  Gb  xfail_s.o [2]
__iar_Memchr                 0x2f61          Code  Gb  memchr.o [4]
__iar_Memset                 0x18a1          Code  Gb  ABImemset.o [4]
__iar_Memset_word            0x18a9          Code  Gb  ABImemset.o [4]
__iar_Strchr                 0x1fb9          Code  Gb  strchr.o [4]
__iar_data_init3             0x3bad    0x28  Code  Gb  data_init.o [4]
__iar_frexp                  0x303d          Code  Gb  frexp.o [3]
__iar_frexpl                 0x303d          Code  Gb  frexp.o [3]
__iar_init_vfp               0x3bd5          Code  Gb  fpinit_M.o [3]
__iar_ldexp64                0x3109          Code  Gb  ldexp.o [3]
__iar_program_start          0x3c29          Code  Gb  cstartup_M.o [4]
__iar_scalbln64              0x3109          Code  Gb  ldexp.o [3]
__iar_scalbn64               0x3109          Code  Gb  ldexp.o [3]
__iar_softfp___iar_frexp64
                             0x3031          Code  Gb  frexp.o [3]
__iar_softfp_frexp           0x3031          Code  Gb  frexp.o [3]
__iar_softfp_frexpl          0x3031          Code  Gb  frexp.o [3]
__iar_unaligned_memcpy       0x2fb9          Code  Gb  ABImemcpy_unaligned.o [4]
__iar_unaligned_memcpy4
                             0x2fd9          Code  Gb  ABImemcpy_unaligned.o [4]
__iar_unaligned_memcpy8
                             0x2fd9          Code  Gb  ABImemcpy_unaligned.o [4]
__iar_zero_init3             0x3b75    0x38  Code  Gb  zero_init3.o [4]
__low_level_init             0x3c63     0x4  Code  Gb  low_level_init.o [2]
__vector_table                  0x0   0x26c  Data  Gb  startup_ewarm.o [1]
_call_main                   0x3c51          Code  Gb  cmain.o [4]
_exit                        0x3c6d          Code  Gb  cexit.o [4]
abort                        0x3b55     0x6  Code  Gb  abort.o [2]
delayMs                      0x1871    0x1a  Code  Gb  lcd.o [1]
delayUs                      0x188b    0x16  Code  Gb  lcd.o [1]
exit                         0x3c67     0x4  Code  Gb  exit.o [2]
ldexp                        0x3109          Code  Gb  ldexp.o [3]
ldexpl                       0x3109          Code  Gb  ldexp.o [3]
main                          0x309  0x11d0  Code  Gb  main.o [1]
memchr                       0x2f61          Code  Gb  memchr.o [4]
pui32Stack              0x2000'0018   0x200  Data  Lc  startup_ewarm.o [1]
scalbln                      0x3109          Code  Gb  ldexp.o [3]
scalblnl                     0x3109          Code  Gb  ldexp.o [3]
scalbn                       0x3109          Code  Gb  ldexp.o [3]
scalbnl                      0x3109          Code  Gb  ldexp.o [3]
scale                        0x2df9    0x46  Code  Lc  xprintffull_nomb.o [2]
sec_hand                0x2000'0014     0x4  Data  Lc  xfail_s.o [2]
sprintf                      0x1f65    0x40  Code  Gb  sprintf.o [2]
strchr                       0x1fb9          Code  Gb  strchr.o [4]
strcmp                       0x1fa5          Code  Gb  strcmp.o [4]
strcpy                       0x1911          Code  Gb  strcpy.o [4]
strlen                       0x2f29          Code  Gb  strlen.o [4]
strstr                       0x1f37    0x2c  Code  Gb  strstr.o [2]


[1] = D:\University\7th Semester Senior 1\Introduction to Enbedded Systems\Project\adeem\HMI\Debug\Obj
[2] = dl7M_tln.a
[3] = m7M_tls.a
[4] = rt7M_tl.a
[5] = shb_l.a

  14'870 bytes of readonly  code memory
   1'654 bytes of readonly  data memory
     536 bytes of readwrite data memory

Errors: none
Warnings: none
