###############################################################################
#
# IAR ELF Linker V9.10.1.308/W64 for ARM                  07/Dec/2025  21:49:03
# Copyright 2007-2021 IAR Systems AB.
#
#    Output file  =
#        D:\University\7th Semester Senior 1\Introduction to Enbedded
#        Systems\Project\Working\Tiva 2\Debug\Exe\Tiva 2.out
#    Map file     =
#        D:\University\7th Semester Senior 1\Introduction to Enbedded
#        Systems\Project\Working\Tiva 2\Debug\List\Tiva 2.map
#    Command line =
#        -f "D:\University\7th Semester Senior 1\Introduction to Enbedded
#        Systems\Project\Working\Tiva 2\Debug\Exe\Tiva 2.out.rsp"
#        ("D:\University\7th Semester Senior 1\Introduction to Enbedded
#        Systems\Project\Working\Tiva 2\Debug\Obj\dio.o" "D:\University\7th
#        Semester Senior 1\Introduction to Enbedded
#        Systems\Project\Working\Tiva 2\Debug\Obj\main.o" "D:\University\7th
#        Semester Senior 1\Introduction to Enbedded
#        Systems\Project\Working\Tiva 2\Debug\Obj\password_db.o"
#        "D:\University\7th Semester Senior 1\Introduction to Enbedded
#        Systems\Project\Working\Tiva 2\Debug\Obj\systick.o" "D:\University\7th
#        Semester Senior 1\Introduction to Enbedded
#        Systems\Project\Working\Tiva 2\Debug\Obj\uart_receiver.o"
#        --no_out_extension -o "D:\University\7th Semester Senior
#        1\Introduction to Enbedded Systems\Project\Working\Tiva
#        2\Debug\Exe\Tiva 2.out" --redirect _Printf=_PrintfFullNoMb --redirect
#        _Scanf=_ScanfFullNoMb --map "D:\University\7th Semester Senior
#        1\Introduction to Enbedded Systems\Project\Working\Tiva
#        2\Debug\List\Tiva 2.map" --config "C:\Program Files\IAR
#        Systems\Embedded Workbench 9.0\arm\CONFIG\generic_cortex.icf"
#        --semihosting --entry __iar_program_start --vfe --text_out locale)
#
###############################################################################

*******************************************************************************
*** RUNTIME MODEL ATTRIBUTES
***

CppFlavor       = *
__SystemLibrary = DLib
__dlib_version  = 6


*******************************************************************************
*** HEAP SELECTION
***

The basic heap was selected because no calls to memory allocation
functions were found in the application outside of system library
functions, and there are calls to deallocation functions in the
application.


*******************************************************************************
*** PLACEMENT SUMMARY
***

"A0":  place at address 0x0 { ro section .intvec };
"P1":  place in [from 0x0 to 0x7'ffff] { ro };
define block CSTACK with size = 1K, alignment = 8 { };
define block PROC_STACK with size = 0, alignment = 8 { };
define block HEAP with size = 2K, alignment = 8 { };
"P2":  place in [from 0x2000'0000 to 0x2000'ffff] {
          rw, block CSTACK, block PROC_STACK, block HEAP };

  Section          Kind         Address   Size  Object
  -------          ----         -------   ----  ------
"A0":                                     0x40
  .intvec          ro code          0x0   0x40  vector_table_M.o [3]
                                 - 0x40   0x40

"P1":                                    0x860
  .text            ro code         0x40  0x430  dio.o [1]
  .text            ro code        0x470  0x1a0  uart_receiver.o [1]
  .text            ro code        0x610   0x2c  strstr.o [2]
  .text            ro code        0x63c   0x58  password_db.o [1]
  .text            ro code        0x694   0x16  strchr.o [3]
  .text            ro code        0x6aa    0x2  vectortrap_M.o [3]
  .text            ro code        0x6ac   0x12  strcmp.o [3]
  .text            ro code        0x6c0   0x98  main.o [1]
  .text            ro code        0x758   0x60  systick.o [1]
  .text            ro code        0x7b8   0x38  zero_init3.o [3]
  .text            ro code        0x7f0   0x28  data_init.o [3]
  .iar.init_table  const          0x818   0x10  - Linker created -
  .text            ro code        0x828   0x1e  cmain.o [3]
  .text            ro code        0x846    0x4  low_level_init.o [2]
  .text            ro code        0x84a    0x4  exit.o [2]
  .text            ro code        0x850    0xa  cexit.o [3]
  .text            ro code        0x85c   0x14  exit.o [4]
  .text            ro code        0x870   0x1c  cstartup_M.o [3]
  .rodata          const          0x88c    0xc  uart_receiver.o [1]
  .rodata          const          0x898    0x8  password_db.o [1]
  .rodata          const          0x8a0    0x0  zero_init3.o [3]
                                - 0x8a0  0x860

"P2", part 1 of 2:                        0x2c
  .bss             zero     0x2000'0000   0x20  uart_receiver.o [1]
  .bss             zero     0x2000'0020    0x4  main.o [1]
  .bss             zero     0x2000'0024    0x4  systick.o [1]
  .bss             zero     0x2000'0028    0x1  password_db.o [1]
  .bss             zero     0x2000'0029    0x1  systick.o [1]
  .bss             zero     0x2000'002a    0x1  uart_receiver.o [1]
  .bss             zero     0x2000'002b    0x1  uart_receiver.o [1]
                          - 0x2000'002c   0x2c

"P2", part 2 of 2:                       0x400
  CSTACK                    0x2000'0030  0x400  <Block>
    CSTACK         uninit   0x2000'0030  0x400  <Block tail>
                          - 0x2000'0430  0x400

Unused ranges:

         From           To      Size
         ----           --      ----
        0x8a0     0x7'ffff  0x7'f760
  0x2000'002c  0x2000'002f       0x4
  0x2000'0430  0x2000'ffff    0xfbd0


*******************************************************************************
*** INIT TABLE
***

          Address      Size
          -------      ----
Zero (__iar_zero_init3)
    1 destination range, total size 0x2c:
          0x2000'0000  0x2c



*******************************************************************************
*** MODULE SUMMARY
***

    Module            ro code  ro data  rw data
    ------            -------  -------  -------
command line/config:
    -------------------------------------------
    Total:

D:\University\7th Semester Senior 1\Introduction to Enbedded Systems\Project\Working\Tiva 2\Debug\Obj: [1]
    dio.o               1'072
    main.o                152                 4
    password_db.o          88        8        1
    systick.o              96                 5
    uart_receiver.o       416       12       34
    -------------------------------------------
    Total:              1'824       20       44

dl7M_tln.a: [2]
    exit.o                  4
    low_level_init.o        4
    strstr.o               44
    -------------------------------------------
    Total:                 52

rt7M_tl.a: [3]
    cexit.o                10
    cmain.o                30
    cstartup_M.o           28
    data_init.o            40
    strchr.o               22
    strcmp.o               18
    vector_table_M.o       64
    vectortrap_M.o          2
    zero_init3.o           56
    -------------------------------------------
    Total:                270

shb_l.a: [4]
    exit.o                 20
    -------------------------------------------
    Total:                 20

    Gaps                    6
    Linker created                  16    1'024
-----------------------------------------------
    Grand Total:        2'172       36    1'068


*******************************************************************************
*** ENTRY LIST
***

Entry                       Address   Size  Type      Object
-----                       -------   ----  ----      ------
.iar.init_table$$Base         0x818          --   Gb  - Linker created -
.iar.init_table$$Limit        0x828          --   Gb  - Linker created -
?main                         0x829         Code  Gb  cmain.o [3]
BusFault_Handler              0x6ab         Code  Wk  vectortrap_M.o [3]
CSTACK$$Base            0x2000'0030          --   Gb  - Linker created -
CSTACK$$Limit           0x2000'0430          --   Gb  - Linker created -
DIO_Init                       0x41  0x29e  Code  Gb  dio.o [1]
DIO_TogglePin                 0x387   0x4a  Code  Gb  dio.o [1]
DIO_WritePin                  0x2df   0xa8  Code  Gb  dio.o [1]
DebugMon_Handler              0x6ab         Code  Wk  vectortrap_M.o [3]
DelayMs                       0x785   0x22  Code  Gb  systick.o [1]
HardFault_Handler             0x6ab         Code  Wk  vectortrap_M.o [3]
MemManage_Handler             0x6ab         Code  Wk  vectortrap_M.o [3]
NMI_Handler                   0x6ab         Code  Wk  vectortrap_M.o [3]
PasswordDB_Init               0x63d    0x8  Code  Gb  password_db.o [1]
PasswordDB_IsLocked           0x679   0x12  Code  Gb  password_db.o [1]
PasswordDB_Verify             0x645   0x34  Code  Gb  password_db.o [1]
PendSV_Handler                0x6ab         Code  Wk  vectortrap_M.o [3]
Region$$Table$$Base           0x818          --   Gb  - Linker created -
Region$$Table$$Limit          0x828          --   Gb  - Linker created -
SVC_Handler                   0x6ab         Code  Wk  vectortrap_M.o [3]
SysTick_Handler               0x6ab         Code  Wk  vectortrap_M.o [3]
SysTick_Init                  0x759   0x2c  Code  Gb  systick.o [1]
UARTReceiver_Init             0x471   0x80  Code  Gb  uart_receiver.o [1]
UARTReceiver_Process          0x4f1   0xd8  Code  Gb  uart_receiver.o [1]
UsageFault_Handler            0x6ab         Code  Wk  vectortrap_M.o [3]
__cmain                       0x829         Code  Gb  cmain.o [3]
__exit                        0x85d   0x14  Code  Gb  exit.o [4]
__iar_Strchr                  0x695         Code  Gb  strchr.o [3]
__iar_data_init3              0x7f1   0x28  Code  Gb  data_init.o [3]
__iar_program_start           0x871         Code  Gb  cstartup_M.o [3]
__iar_zero_init3              0x7b9   0x38  Code  Gb  zero_init3.o [3]
__low_level_init              0x847    0x4  Code  Gb  low_level_init.o [2]
__vector_table                  0x0         Data  Gb  vector_table_M.o [3]
_call_main                    0x835         Code  Gb  cmain.o [3]
_exit                         0x851         Code  Gb  cexit.o [3]
exit                          0x84b    0x4  Code  Gb  exit.o [2]
failed_attempts         0x2000'0028    0x1  Data  Lc  password_db.o [1]
interruptMode           0x2000'0029    0x1  Data  Lc  systick.o [1]
main                          0x6c1   0x98  Code  Gb  main.o [1]
main{4}{5}::last_blink  0x2000'0020    0x4  Data  Lc  main.o [1]
msTicks                 0x2000'0024    0x4  Data  Gb  systick.o [1]
receiving               0x2000'002b    0x1  Data  Lc  uart_receiver.o [1]
rx_buffer               0x2000'0000   0x20  Data  Lc  uart_receiver.o [1]
rx_index                0x2000'002a    0x1  Data  Lc  uart_receiver.o [1]
strchr                        0x695         Code  Gb  strchr.o [3]
strcmp                        0x6ad         Code  Gb  strcmp.o [3]
strstr                        0x611   0x2c  Code  Gb  strstr.o [2]


[1] = D:\University\7th Semester Senior 1\Introduction to Enbedded Systems\Project\Working\Tiva 2\Debug\Obj
[2] = dl7M_tln.a
[3] = rt7M_tl.a
[4] = shb_l.a

  2'172 bytes of readonly  code memory
     36 bytes of readonly  data memory
  1'068 bytes of readwrite data memory

Errors: none
Warnings: none
